Archive member included to satisfy reference by file (symbol)

C:/Users/Ana/.pico-sdk/toolchain/13_3_Rel1/bin/../lib/gcc/arm-none-eabi/13.3.1/thumb/v6-m/nofp\libgcc.a(_dvmd_tls.o)
                              CMakeFiles/control-AD.dir/C_/Users/Ana/.pico-sdk/sdk/2.1.0/src/rp2_common/pico_divider/divider_hardware.S.obj (__aeabi_idiv0)
C:/Users/Ana/.pico-sdk/toolchain/13_3_Rel1/bin/../lib/gcc/arm-none-eabi/13.3.1/thumb/v6-m/nofp\libg.a(libc_a-calloc.o)
                              CMakeFiles/control-AD.dir/C_/Users/Ana/.pico-sdk/sdk/2.1.0/src/rp2_common/pico_malloc/malloc.c.obj (calloc)
C:/Users/Ana/.pico-sdk/toolchain/13_3_Rel1/bin/../lib/gcc/arm-none-eabi/13.3.1/thumb/v6-m/nofp\libg.a(libc_a-callocr.o)
                              C:/Users/Ana/.pico-sdk/toolchain/13_3_Rel1/bin/../lib/gcc/arm-none-eabi/13.3.1/thumb/v6-m/nofp\libg.a(libc_a-calloc.o) (_calloc_r)
C:/Users/Ana/.pico-sdk/toolchain/13_3_Rel1/bin/../lib/gcc/arm-none-eabi/13.3.1/thumb/v6-m/nofp\libg.a(libc_a-malloc.o)
                              CMakeFiles/control-AD.dir/C_/Users/Ana/.pico-sdk/sdk/2.1.0/src/rp2_common/pico_malloc/malloc.c.obj (malloc)
C:/Users/Ana/.pico-sdk/toolchain/13_3_Rel1/bin/../lib/gcc/arm-none-eabi/13.3.1/thumb/v6-m/nofp\libg.a(libc_a-mallocr.o)
                              C:/Users/Ana/.pico-sdk/toolchain/13_3_Rel1/bin/../lib/gcc/arm-none-eabi/13.3.1/thumb/v6-m/nofp\libg.a(libc_a-callocr.o) (_malloc_r)
C:/Users/Ana/.pico-sdk/toolchain/13_3_Rel1/bin/../lib/gcc/arm-none-eabi/13.3.1/thumb/v6-m/nofp\libg.a(libc_a-mlock.o)
                              C:/Users/Ana/.pico-sdk/toolchain/13_3_Rel1/bin/../lib/gcc/arm-none-eabi/13.3.1/thumb/v6-m/nofp\libg.a(libc_a-mallocr.o) (__malloc_lock)
C:/Users/Ana/.pico-sdk/toolchain/13_3_Rel1/bin/../lib/gcc/arm-none-eabi/13.3.1/thumb/v6-m/nofp\libg.a(libc_a-realloc.o)
                              CMakeFiles/control-AD.dir/C_/Users/Ana/.pico-sdk/sdk/2.1.0/src/rp2_common/pico_malloc/malloc.c.obj (realloc)
C:/Users/Ana/.pico-sdk/toolchain/13_3_Rel1/bin/../lib/gcc/arm-none-eabi/13.3.1/thumb/v6-m/nofp\libg.a(libc_a-reallocr.o)
                              C:/Users/Ana/.pico-sdk/toolchain/13_3_Rel1/bin/../lib/gcc/arm-none-eabi/13.3.1/thumb/v6-m/nofp\libg.a(libc_a-realloc.o) (_realloc_r)
C:/Users/Ana/.pico-sdk/toolchain/13_3_Rel1/bin/../lib/gcc/arm-none-eabi/13.3.1/thumb/v6-m/nofp\libg.a(libc_a-memcmp.o)
                              CMakeFiles/control-AD.dir/C_/Users/Ana/.pico-sdk/sdk/2.1.0/src/rp2_common/pico_atomic/atomic.c.obj (memcmp)
C:/Users/Ana/.pico-sdk/toolchain/13_3_Rel1/bin/../lib/gcc/arm-none-eabi/13.3.1/thumb/v6-m/nofp\libg.a(libc_a-memmove.o)
                              C:/Users/Ana/.pico-sdk/toolchain/13_3_Rel1/bin/../lib/gcc/arm-none-eabi/13.3.1/thumb/v6-m/nofp\libg.a(libc_a-reallocr.o) (memmove)
C:/Users/Ana/.pico-sdk/toolchain/13_3_Rel1/bin/../lib/gcc/arm-none-eabi/13.3.1/thumb/v6-m/nofp\libg.a(libc_a-lcltime_r.o)
                              CMakeFiles/control-AD.dir/C_/Users/Ana/.pico-sdk/sdk/2.1.0/src/common/pico_util/datetime.c.obj (localtime_r)
C:/Users/Ana/.pico-sdk/toolchain/13_3_Rel1/bin/../lib/gcc/arm-none-eabi/13.3.1/thumb/v6-m/nofp\libg.a(libc_a-mktime.o)
                              CMakeFiles/control-AD.dir/C_/Users/Ana/.pico-sdk/sdk/2.1.0/src/common/pico_util/datetime.c.obj (mktime)
C:/Users/Ana/.pico-sdk/toolchain/13_3_Rel1/bin/../lib/gcc/arm-none-eabi/13.3.1/thumb/v6-m/nofp\libg.a(libc_a-month_lengths.o)
                              C:/Users/Ana/.pico-sdk/toolchain/13_3_Rel1/bin/../lib/gcc/arm-none-eabi/13.3.1/thumb/v6-m/nofp\libg.a(libc_a-lcltime_r.o) (__month_lengths)
C:/Users/Ana/.pico-sdk/toolchain/13_3_Rel1/bin/../lib/gcc/arm-none-eabi/13.3.1/thumb/v6-m/nofp\libg.a(libc_a-tzcalc_limits.o)
                              C:/Users/Ana/.pico-sdk/toolchain/13_3_Rel1/bin/../lib/gcc/arm-none-eabi/13.3.1/thumb/v6-m/nofp\libg.a(libc_a-lcltime_r.o) (__tzcalc_limits)
C:/Users/Ana/.pico-sdk/toolchain/13_3_Rel1/bin/../lib/gcc/arm-none-eabi/13.3.1/thumb/v6-m/nofp\libg.a(libc_a-tzlock.o)
                              C:/Users/Ana/.pico-sdk/toolchain/13_3_Rel1/bin/../lib/gcc/arm-none-eabi/13.3.1/thumb/v6-m/nofp\libg.a(libc_a-lcltime_r.o) (__tz_lock)
C:/Users/Ana/.pico-sdk/toolchain/13_3_Rel1/bin/../lib/gcc/arm-none-eabi/13.3.1/thumb/v6-m/nofp\libg.a(libc_a-tzset.o)
                              C:/Users/Ana/.pico-sdk/toolchain/13_3_Rel1/bin/../lib/gcc/arm-none-eabi/13.3.1/thumb/v6-m/nofp\libg.a(libc_a-lcltime_r.o) (_tzset_unlocked)
C:/Users/Ana/.pico-sdk/toolchain/13_3_Rel1/bin/../lib/gcc/arm-none-eabi/13.3.1/thumb/v6-m/nofp\libg.a(libc_a-tzset_r.o)
                              C:/Users/Ana/.pico-sdk/toolchain/13_3_Rel1/bin/../lib/gcc/arm-none-eabi/13.3.1/thumb/v6-m/nofp\libg.a(libc_a-tzset.o) (_tzset_unlocked_r)
C:/Users/Ana/.pico-sdk/toolchain/13_3_Rel1/bin/../lib/gcc/arm-none-eabi/13.3.1/thumb/v6-m/nofp\libg.a(libc_a-tzvars.o)
[...]
Memory Configuration

Name             Origin             Length             Attributes
FLASH            0x10000000         0x00200000         xr
RAM              0x20000000         0x00040000         xrw
SCRATCH_X        0x20040000         0x00001000         xrw
SCRATCH_Y        0x20041000         0x00001000         xrw
*default*        0x00000000         0xffffffff

Linker script and memory map

LOAD C:/Users/Ana/.pico-sdk/toolchain/13_3_Rel1/bin/../lib/gcc/arm-none-eabi/13.3.1/thumb/v6-m/nofp/crti.o
LOAD C:/Users/Ana/.pico-sdk/toolchain/13_3_Rel1/bin/../lib/gcc/arm-none-eabi/13.3.1/thumb/v6-m/nofp/crtbegin.o
LOAD C:/Users/Ana/.pico-sdk/toolchain/13_3_Rel1/bin/../lib/gcc/arm-none-eabi/13.3.1/thumb/v6-m/nofp/crt0.o

.flash_begin    0x10000000        0x0
                0x10000000                        __flash_binary_start = .

.boot2          0x10000000      0x100
                0x10000000                        __boot2_start__ = .
 *(.boot2)
 .boot2         0x10000000      0x100 pico-sdk/src/rp2040/boot_stage2/CMakeFiles/bs2_default_library.dir/./bs2_default_padded_checksummed.S.obj
                0x10000100                        __boot2_end__ = .
                0x00000001                        ASSERT (((__boot2_end__ - __boot2_start__) == 0x100), ERROR: Pico second stage bootloader must be 256 bytes in size)

.text           0x10000100     0x8264
                0x10000100                        __logical_binary_start = .
 *(.vectors)
 .vectors       0x10000100       0xd4 CMakeFiles/control-AD.dir/C_/Users/Ana/.pico-sdk/sdk/2.1.0/src/rp2_common/pico_crt0/crt0.S.obj
                0x10000100                __VECTOR_TABLE
                0x10000100                __vectors
                0x100001c0                isr_invalid
                0x100001c0                __default_isrs_start
                0x100001c2                isr_nmi
                0x100001c4                isr_hardfault
                0x100001c6                isr_svcall
                0x100001c8                isr_pendsv
                0x100001ca                isr_systick
                0x100001cc                isr_irq23
                0x100001cc                isr_irq18
                0x100001cc                isr_irq11
                0x100001cc                isr_irq28
                0x100001cc                isr_irq19
                0x100001cc                isr_irq0
                0x100001cc                isr_irq6
                0x100001cc                isr_irq5
                0x100001cc                isr_irq12
                0x100001cc                isr_irq22
                0x100001cc                isr_irq31
                0x100001cc                isr_irq17
                0x100001cc                isr_irq27
                0x100001cc                isr_irq30
                0x100001cc                isr_irq2
                0x100001cc                isr_irq10
                0x100001cc                isr_irq8
                0x100001cc                isr_irq24
                0x100001cc                isr_irq1
                0x100001cc                isr_irq7
                0x100001cc                isr_irq21
                0x100001cc                isr_irq20
                0x100001cc                isr_irq15
                0x100001cc                isr_irq25
                0x100001cc                isr_irq13
                0x100001cc                __unhandled_user_irq
                0x100001cc                isr_irq4
                0x100001cc                isr_irq16
                0x100001cc                isr_irq29
                0x100001cc                isr_irq26
                0x100001cc                __default_isrs_end
                0x100001cc                isr_irq3
                0x100001cc                isr_irq14
                0x100001cc                isr_irq9
                0x100001d2                unhandled_user_irq_num_in_r0
 *(.binary_info_header)
 .binary_info_header
                0x100001d4       0x14 CMakeFiles/control-AD.dir/C_/Users/Ana/.pico-sdk/sdk/2.1.0/src/rp2_common/pico_crt0/crt0.S.obj
                0x100001e8                        __binary_info_header_end = .
 *(.embedded_block)
                0x100001e8                        __embedded_block_end = .
 *(.reset)
 .reset         0x100001e8       0x9c CMakeFiles/control-AD.dir/C_/Users/Ana/.pico-sdk/sdk/2.1.0/src/rp2_common/pico_crt0/crt0.S.obj
                0x100001e8                _entry_point
 *(.init)
 .init          0x10000284        0x4 C:/Users/Ana/.pico-sdk/toolchain/13_3_Rel1/bin/../lib/gcc/arm-none-eabi/13.3.1/thumb/v6-m/nofp/crti.o
                0x10000284                _init
 *(EXCLUDE_FILE(*libm.a: *libc.a:*lib_a-mem*.o *libgcc.a:) .text*)
 .text.register_tm_clones
                0x10000288       0x28 C:/Users/Ana/.pico-sdk/toolchain/13_3_Rel1/bin/../lib/gcc/arm-none-eabi/13.3.1/thumb/v6-m/nofp/crtbegin.o
 .text.frame_dummy
                0x100002b0       0x24 C:/Users/Ana/.pico-sdk/toolchain/13_3_Rel1/bin/../lib/gcc/arm-none-eabi/13.3.1/thumb/v6-m/nofp/crtbegin.o
 .text.gpio_irq_handler
                0x100002d4       0x2c CMakeFiles/control-AD.dir/control-AD.c.obj
                0x100002d4                gpio_irq_handler
 .text.setup_gpio_BTN_A
                0x10000300       0x1c CMakeFiles/control-AD.dir/control-AD.c.obj
                0x10000300                setup_gpio_BTN_A
 .text.display_init
                0x1000031c       0x70 CMakeFiles/control-AD.dir/control-AD.c.obj
                0x1000031c                display_init
 .text.print_display
                0x1000038c      0x100 CMakeFiles/control-AD.dir/control-AD.c.obj
                0x1000038c                print_display
 .text.joystick_init
                0x1000048c       0x58 CMakeFiles/control-AD.dir/control-AD.c.obj
                0x1000048c                joystick_init
 .text.pwm_gpio_init
                0x100004e4       0x5c CMakeFiles/control-AD.dir/control-AD.c.obj
                0x100004e4                pwm_gpio_init
 .text.control_joystick_leds
                0x10000540      0x138 CMakeFiles/control-AD.dir/control-AD.c.obj
                0x10000540                control_joystick_leds
 .text.startup.main
                0x10000678      0x180 CMakeFiles/control-AD.dir/control-AD.c.obj
                0x10000678                main
 .text.ssd1306_init
                0x100007f8       0x34 CMakeFiles/control-AD.dir/inc/ssd1306/ssd1306.c.obj
                0x100007f8                ssd1306_init
 .text.ssd1306_config
                0x1000082c      0x1d0 CMakeFiles/control-AD.dir/inc/ssd1306/ssd1306.c.obj
                0x1000082c                ssd1306_config
 .text.ssd1306_send_data
                0x100009fc       0x8c CMakeFiles/control-AD.dir/inc/ssd1306/ssd1306.c.obj
                0x100009fc                ssd1306_send_data
 .text.ssd1306_fill
                0x10000a88       0x80 CMakeFiles/control-AD.dir/inc/ssd1306/ssd1306.c.obj
                0x10000a88                ssd1306_fill
 .text.ssd1306_rect
                0x10000b08      0x28c CMakeFiles/control-AD.dir/inc/ssd1306/ssd1306.c.obj
                0x10000b08                ssd1306_rect
 .text.gpio_default_irq_handler
                0x10000d94      0x274 CMakeFiles/control-AD.dir/C_/Users/Ana/.pico-sdk/sdk/2.1.0/src/rp2_common/hardware_gpio/gpio.c.obj
 .text.gpio_set_function
                0x10001008       0x34 CMakeFiles/control-AD.dir/C_/Users/Ana/.pico-sdk/sdk/2.1.0/src/rp2_common/hardware_gpio/gpio.c.obj
                0x10001008                gpio_set_function
 .text.gpio_set_pulls
                0x1000103c       0x28 CMakeFiles/control-AD.dir/C_/Users/Ana/.pico-sdk/sdk/2.1.0/src/rp2_common/hardware_gpio/gpio.c.obj
                0x1000103c                gpio_set_pulls
 .text.gpio_set_irq_enabled_with_callback
                0x10001064       0xd0 CMakeFiles/control-AD.dir/C_/Users/Ana/.pico-sdk/sdk/2.1.0/src/rp2_common/hardware_gpio/gpio.c.obj
                0x10001064                gpio_set_irq_enabled_with_callback
 .text.gpio_set_input_enabled
                0x10001134       0x28 CMakeFiles/control-AD.dir/C_/Users/Ana/.pico-sdk/sdk/2.1.0/src/rp2_common/hardware_gpio/gpio.c.obj
                0x10001134                gpio_set_input_enabled
 .text.gpio_init
                0x1000115c       0x40 CMakeFiles/control-AD.dir/C_/Users/Ana/.pico-sdk/sdk/2.1.0/src/rp2_common/hardware_gpio/gpio.c.obj
                0x1000115c                gpio_init
 .text.rp2040_chip_version
                0x1000119c        0xc CMakeFiles/control-AD.dir/C_/Users/Ana/.pico-sdk/sdk/2.1.0/src/rp2040/pico_platform/platform.c.obj
                0x1000119c                rp2040_chip_version
 .text.panic    0x100011a8       0x30 CMakeFiles/control-AD.dir/C_/Users/Ana/.pico-sdk/sdk/2.1.0/src/rp2_common/pico_platform_panic/panic.c.obj
                0x100011a8                panic
 .text.hw_claim_or_assert
                0x100011d8       0x44 CMakeFiles/control-AD.dir/C_/Users/Ana/.pico-sdk/sdk/2.1.0/src/common/hardware_claim/claim.c.obj
                0x100011d8                hw_claim_or_assert
 .text.hw_claim_unused_from_range
                0x1000121c       0x9c CMakeFiles/control-AD.dir/C_/Users/Ana/.pico-sdk/sdk/2.1.0/src/common/hardware_claim/claim.c.obj
                0x1000121c                hw_claim_unused_from_range
 .text.next_striped_spin_lock_num
                0x100012b8       0x18 CMakeFiles/control-AD.dir/C_/Users/Ana/.pico-sdk/sdk/2.1.0/src/rp2_common/hardware_sync/sync.c.obj
                0x100012b8                next_striped_spin_lock_num
 .text.spin_lock_claim_unused
                0x100012d0       0x24 CMakeFiles/control-AD.dir/C_/Users/Ana/.pico-sdk/sdk/2.1.0/src/rp2_common/hardware_sync/sync.c.obj
                0x100012d0                spin_lock_claim_unused
 .text.spin_locks_reset
                0x100012f4       0x1c CMakeFiles/control-AD.dir/C_/Users/Ana/.pico-sdk/sdk/2.1.0/src/rp2_common/hardware_sync_spin_lock/sync_spin_lock.c.obj
                0x100012f4                spin_locks_reset
 .text.runtime_init_per_core_irq_priorities
                0x10001310       0x24 CMakeFiles/control-AD.dir/C_/Users/Ana/.pico-sdk/sdk/2.1.0/src/rp2_common/hardware_irq/irq.c.obj
                0x10001310                runtime_init_per_core_irq_priorities
 .text.irq_set_enabled
                0x10001334       0x24 CMakeFiles/control-AD.dir/C_/Users/Ana/.pico-sdk/sdk/2.1.0/src/rp2_common/hardware_irq/irq.c.obj
                0x10001334                irq_set_enabled
 .text.irq_is_enabled
                0x10001358       0x18 CMakeFiles/control-AD.dir/C_/Users/Ana/.pico-sdk/sdk/2.1.0/src/rp2_common/hardware_irq/irq.c.obj
                0x10001358                irq_is_enabled
 .text.irq_set_pending
                0x10001370       0x10 CMakeFiles/control-AD.dir/C_/Users/Ana/.pico-sdk/sdk/2.1.0/src/rp2_common/hardware_irq/irq.c.obj
                0x10001370                irq_set_pending
 .text.irq_has_shared_handler
                0x10001380       0x2c CMakeFiles/control-AD.dir/C_/Users/Ana/.pico-sdk/sdk/2.1.0/src/rp2_common/hardware_irq/irq.c.obj
                0x10001380                irq_has_shared_handler
 .text.irq_set_exclusive_handler
                0x100013ac       0x54 CMakeFiles/control-AD.dir/C_/Users/Ana/.pico-sdk/sdk/2.1.0/src/rp2_common/hardware_irq/irq.c.obj
                0x100013ac                irq_set_exclusive_handler
 .text.irq_add_shared_handler
                0x10001400      0x1f4 CMakeFiles/control-AD.dir/C_/Users/Ana/.pico-sdk/sdk/2.1.0/src/rp2_common/hardware_irq/irq.c.obj
                0x10001400                irq_add_shared_handler
 .text.irq_remove_handler
                0x100015f4      0x1d4 CMakeFiles/control-AD.dir/C_/Users/Ana/.pico-sdk/sdk/2.1.0/src/rp2_common/hardware_irq/irq.c.obj
                0x100015f4                irq_remove_handler
 .text.irq_add_tail_to_free_list
                0x100017c8       0xb4 CMakeFiles/control-AD.dir/C_/Users/Ana/.pico-sdk/sdk/2.1.0/src/rp2_common/hardware_irq/irq.c.obj
                0x100017c8                irq_add_tail_to_free_list
 .text.user_irq_claim_unused
                0x1000187c       0x2c CMakeFiles/control-AD.dir/C_/Users/Ana/.pico-sdk/sdk/2.1.0/src/rp2_common/hardware_irq/irq.c.obj
                0x1000187c                user_irq_claim_unused
 .text.lock_init
                0x100018a8       0x10 CMakeFiles/control-AD.dir/C_/Users/Ana/.pico-sdk/sdk/2.1.0/src/common/pico_sync/lock_core.c.obj
                0x100018a8                lock_init
 .text.runtime_init_mutex
                0x100018b8       0x50 CMakeFiles/control-AD.dir/C_/Users/Ana/.pico-sdk/sdk/2.1.0/src/common/pico_sync/mutex.c.obj
                0x100018b8                runtime_init_mutex
 .text.mutex_init
                0x10001908       0x1c CMakeFiles/control-AD.dir/C_/Users/Ana/.pico-sdk/sdk/2.1.0/src/common/pico_sync/mutex.c.obj
                0x10001908                mutex_init
 .text.critical_section_init
                0x10001924       0x1c CMakeFiles/control-AD.dir/C_/Users/Ana/.pico-sdk/sdk/2.1.0/src/common/pico_sync/critical_section.c.obj
                0x10001924                critical_section_init
 .text.critical_section_init_with_lock_num
                0x10001940       0x14 CMakeFiles/control-AD.dir/C_/Users/Ana/.pico-sdk/sdk/2.1.0/src/common/pico_sync/critical_section.c.obj
                0x10001940                critical_section_init_with_lock_num
 .text.sleep_until_callback
                0x10001954       0x30 CMakeFiles/control-AD.dir/C_/Users/Ana/.pico-sdk/sdk/2.1.0/src/common/pico_time/time.c.obj
 .text.alarm_pool_irq_handler
                0x10001984      0x2fc CMakeFiles/control-AD.dir/C_/Users/Ana/.pico-sdk/sdk/2.1.0/src/common/pico_time/time.c.obj
 .text.runtime_init_default_alarm_pool
                0x10001c80       0xdc CMakeFiles/control-AD.dir/C_/Users/Ana/.pico-sdk/sdk/2.1.0/src/common/pico_time/time.c.obj
                0x10001c80                runtime_init_default_alarm_pool
 .text.alarm_pool_get_default
                0x10001d5c        0x8 CMakeFiles/control-AD.dir/C_/Users/Ana/.pico-sdk/sdk/2.1.0/src/common/pico_time/time.c.obj
                0x10001d5c                alarm_pool_get_default
 .text.alarm_pool_add_alarm_at
                0x10001d64       0xd4 CMakeFiles/control-AD.dir/C_/Users/Ana/.pico-sdk/sdk/2.1.0/src/common/pico_time/time.c.obj
                0x10001d64                alarm_pool_add_alarm_at
 .text.alarm_pool_add_alarm_at_force_in_context
                0x10001e38       0xb0 CMakeFiles/control-AD.dir/C_/Users/Ana/.pico-sdk/sdk/2.1.0/src/common/pico_time/time.c.obj
                0x10001e38                alarm_pool_add_alarm_at_force_in_context
 .text.alarm_pool_cancel_alarm
                0x10001ee8       0x74 CMakeFiles/control-AD.dir/C_/Users/Ana/.pico-sdk/sdk/2.1.0/src/common/pico_time/time.c.obj
                0x10001ee8                alarm_pool_cancel_alarm
 .text.alarm_pool_core_num
                0x10001f5c        0x4 CMakeFiles/control-AD.dir/C_/Users/Ana/.pico-sdk/sdk/2.1.0/src/common/pico_time/time.c.obj
                0x10001f5c                alarm_pool_core_num
 .text.sleep_until
                0x10001f60       0xd8 CMakeFiles/control-AD.dir/C_/Users/Ana/.pico-sdk/sdk/2.1.0/src/common/pico_time/time.c.obj
                0x10001f60                sleep_until
 .text.sleep_ms
                0x10002038       0x38 CMakeFiles/control-AD.dir/C_/Users/Ana/.pico-sdk/sdk/2.1.0/src/common/pico_time/time.c.obj
                0x10002038                sleep_ms
 .text.best_effort_wfe_or_timeout
                0x10002070       0xe0 CMakeFiles/control-AD.dir/C_/Users/Ana/.pico-sdk/sdk/2.1.0/src/common/pico_time/time.c.obj
                0x10002070                best_effort_wfe_or_timeout
 .text.timer_hardware_alarm_claim
                0x10002150       0x14 CMakeFiles/control-AD.dir/C_/Users/Ana/.pico-sdk/sdk/2.1.0/src/rp2_common/hardware_timer/timer.c.obj
                0x10002150                timer_hardware_alarm_claim
 .text.timer_time_us_64
                0x10002164       0x10 CMakeFiles/control-AD.dir/C_/Users/Ana/.pico-sdk/sdk/2.1.0/src/rp2_common/hardware_timer/timer.c.obj
                0x10002164                timer_time_us_64
 .text.time_us_64
                0x10002174       0x14 CMakeFiles/control-AD.dir/C_/Users/Ana/.pico-sdk/sdk/2.1.0/src/rp2_common/hardware_timer/timer.c.obj
                0x10002174                time_us_64
 .text.busy_wait_us
                0x10002188       0x68 CMakeFiles/control-AD.dir/C_/Users/Ana/.pico-sdk/sdk/2.1.0/src/rp2_common/hardware_timer/timer.c.obj
                0x10002188                busy_wait_us
 .text.busy_wait_until
                0x100021f0       0x20 CMakeFiles/control-AD.dir/C_/Users/Ana/.pico-sdk/sdk/2.1.0/src/rp2_common/hardware_timer/timer.c.obj
                0x100021f0                busy_wait_until
 .text.uart_init
                0x10002210      0x120 CMakeFiles/control-AD.dir/C_/Users/Ana/.pico-sdk/sdk/2.1.0/src/rp2_common/hardware_uart/uart.c.obj
                0x10002210                uart_init
 .text.clock_configure_int_divider
                0x10002330       0xf4 CMakeFiles/control-AD.dir/C_/Users/Ana/.pico-sdk/sdk/2.1.0/src/rp2_common/hardware_clocks/clocks.c.obj
                0x10002330                clock_configure_int_divider
 .text.clock_configure_undivided
                0x10002424       0xe8 CMakeFiles/control-AD.dir/C_/Users/Ana/.pico-sdk/sdk/2.1.0/src/rp2_common/hardware_clocks/clocks.c.obj
                0x10002424                clock_configure_undivided
 .text.clock_get_hz
                0x1000250c        0xc CMakeFiles/control-AD.dir/C_/Users/Ana/.pico-sdk/sdk/2.1.0/src/rp2_common/hardware_clocks/clocks.c.obj
                0x1000250c                clock_get_hz
 .text.pll_init
                0x10002518       0xa4 CMakeFiles/control-AD.dir/C_/Users/Ana/.pico-sdk/sdk/2.1.0/src/rp2_common/hardware_pll/pll.c.obj
                0x10002518                pll_init
 .text.watchdog_reboot
                0x100025bc       0x9c CMakeFiles/control-AD.dir/C_/Users/Ana/.pico-sdk/sdk/2.1.0/src/rp2_common/hardware_watchdog/watchdog.c.obj
                0x100025bc                watchdog_reboot
 .text.tick_start
                0x10002658       0x10 CMakeFiles/control-AD.dir/C_/Users/Ana/.pico-sdk/sdk/2.1.0/src/rp2_common/hardware_ticks/ticks.c.obj
                0x10002658                tick_start
 .text.rom_func_lookup
                0x10002668       0x10 CMakeFiles/control-AD.dir/C_/Users/Ana/.pico-sdk/sdk/2.1.0/src/rp2_common/pico_bootrom/bootrom.c.obj
                0x10002668                rom_func_lookup
 .text.rom_data_lookup
                0x10002678       0x10 CMakeFiles/control-AD.dir/C_/Users/Ana/.pico-sdk/sdk/2.1.0/src/rp2_common/pico_bootrom/bootrom.c.obj
                0x10002678                rom_data_lookup
 .text.rom_funcs_lookup
                0x10002688       0x44 CMakeFiles/control-AD.dir/C_/Users/Ana/.pico-sdk/sdk/2.1.0/src/rp2_common/pico_bootrom/bootrom.c.obj
                0x10002688                rom_funcs_lookup
 .text.rom_reset_usb_boot_extra
                0x100026cc       0x28 CMakeFiles/control-AD.dir/C_/Users/Ana/.pico-sdk/sdk/2.1.0/src/rp2_common/pico_bootrom/bootrom.c.obj
                0x100026cc                rom_reset_usb_boot_extra
 .text.xosc_init
                0x100026f4       0x28 CMakeFiles/control-AD.dir/C_/Users/Ana/.pico-sdk/sdk/2.1.0/src/rp2_common/hardware_xosc/xosc.c.obj
                0x100026f4                xosc_init
 .text.first_per_core_initializer
                0x1000271c        0x4 CMakeFiles/control-AD.dir/C_/Users/Ana/.pico-sdk/sdk/2.1.0/src/rp2_common/pico_runtime/runtime.c.obj
 .text.hard_assertion_failure
                0x10002720        0xc CMakeFiles/control-AD.dir/C_/Users/Ana/.pico-sdk/sdk/2.1.0/src/rp2_common/pico_runtime/runtime.c.obj
                0x10002720                hard_assertion_failure
 .text.runtime_run_initializers
                0x1000272c       0x28 CMakeFiles/control-AD.dir/C_/Users/Ana/.pico-sdk/sdk/2.1.0/src/rp2_common/pico_runtime/runtime.c.obj
                0x1000272c                runtime_run_initializers
 .text.runtime_init_early_resets
                0x10002754       0x2c CMakeFiles/control-AD.dir/C_/Users/Ana/.pico-sdk/sdk/2.1.0/src/rp2_common/pico_runtime_init/runtime_init.c.obj
                0x10002754                runtime_init_early_resets
 .text.runtime_init_usb_power_down
                0x10002780       0x1c CMakeFiles/control-AD.dir/C_/Users/Ana/.pico-sdk/sdk/2.1.0/src/rp2_common/pico_runtime_init/runtime_init.c.obj
                0x10002780                runtime_init_usb_power_down
 .text.runtime_init_post_clock_resets
                0x1000279c       0x20 CMakeFiles/control-AD.dir/C_/Users/Ana/.pico-sdk/sdk/2.1.0/src/rp2_common/pico_runtime_init/runtime_init.c.obj
                0x1000279c                runtime_init_post_clock_resets
 .text.runtime_init_rp2040_gpio_ie_disable
                0x100027bc       0x14 CMakeFiles/control-AD.dir/C_/Users/Ana/.pico-sdk/sdk/2.1.0/src/rp2_common/pico_runtime_init/runtime_init.c.obj
                0x100027bc                runtime_init_rp2040_gpio_ie_disable
 .text.runtime_init_spin_locks_reset
                0x100027d0        0x8 CMakeFiles/control-AD.dir/C_/Users/Ana/.pico-sdk/sdk/2.1.0/src/rp2_common/pico_runtime_init/runtime_init.c.obj
                0x100027d0                runtime_init_spin_locks_reset
 .text.runtime_init_install_ram_vector_table
                0x100027d8       0x1c CMakeFiles/control-AD.dir/C_/Users/Ana/.pico-sdk/sdk/2.1.0/src/rp2_common/pico_runtime_init/runtime_init.c.obj
                0x100027d8                runtime_init_install_ram_vector_table
 .text.runtime_init_clocks
                0x100027f4       0xd8 CMakeFiles/control-AD.dir/C_/Users/Ana/.pico-sdk/sdk/2.1.0/src/rp2_common/pico_runtime_init/runtime_init_clocks.c.obj
                0x100027f4                runtime_init_clocks
 .text          0x100028cc       0x10 CMakeFiles/control-AD.dir/C_/Users/Ana/.pico-sdk/sdk/2.1.0/src/rp2_common/pico_bit_ops/bit_ops_aeabi.S.obj
 .text.__wrap___aeabi_idiv
                0x100028dc       0x50 CMakeFiles/control-AD.dir/C_/Users/Ana/.pico-sdk/sdk/2.1.0/src/rp2_common/pico_divider/divider_hardware.S.obj
                0x100028dc                __wrap___aeabi_idivmod
                0x100028dc                divmod_s32s32
                0x100028dc                div_s32s32
                0x100028dc                __wrap___aeabi_idiv
                0x100028e4                divmod_s32s32_unsafe
                0x10002910                divmod_s32s32_savestate
 .text.__wrap___aeabi_uidiv
                0x1000292c       0x4c CMakeFiles/control-AD.dir/C_/Users/Ana/.pico-sdk/sdk/2.1.0/src/rp2_common/pico_divider/divider_hardware.S.obj
                0x1000292c                __wrap___aeabi_uidiv
                0x1000292c                __wrap___aeabi_uidivmod
                0x1000292c                div_u32u32
                0x1000292c                divmod_u32u32
                0x10002934                divmod_u32u32_unsafe
                0x1000295c                divmod_u32u32_savestate
 .text.__wrap___aeabi_ldiv
                0x10002978      0x424 CMakeFiles/control-AD.dir/C_/Users/Ana/.pico-sdk/sdk/2.1.0/src/rp2_common/pico_divider/divider_hardware.S.obj
                0x10002978                div_s64s64
                0x10002978                divmod_s64s64
                0x10002978                __wrap___aeabi_ldivmod
                0x100029a8                divmod_u64u64
                0x100029a8                div_u64u64
                0x100029a8                __wrap___aeabi_uldivmod
                0x100029b8                divmod_u64u64_savestate
                0x100029d8                divmod_s64s64_unsafe
                0x10002a60                divmod_u64u64_unsafe
 .text.__wrap___aeabi_darithmetic
                0x10002d9c       0x60 CMakeFiles/control-AD.dir/C_/Users/Ana/.pico-sdk/sdk/2.1.0/src/rp2_common/pico_double/double_aeabi_rp2040.S.obj
                0x10002d9c                __wrap___aeabi_drsub
                0x10002da2                __wrap___aeabi_dsub
                0x10002dac                __wrap___aeabi_dadd
                0x10002db6                __wrap___aeabi_ddiv
                0x10002dea                __wrap___aeabi_dmul
 .text.__wrap___aeabi_cdcmple
                0x10002dfc       0x6c CMakeFiles/control-AD.dir/C_/Users/Ana/.pico-sdk/sdk/2.1.0/src/rp2_common/pico_double/double_aeabi_rp2040.S.obj
                0x10002dfc                __wrap___aeabi_cdrcmple
                0x10002e0c                __wrap___aeabi_cdcmpeq
                0x10002e0c                __wrap___aeabi_cdcmple
 .text.__wrap___aeabi_dcmplt
                0x10002e68        0xc CMakeFiles/control-AD.dir/C_/Users/Ana/.pico-sdk/sdk/2.1.0/src/rp2_common/pico_double/double_aeabi_rp2040.S.obj
                0x10002e68                __wrap___aeabi_dcmplt
 .text.__wrap___aeabi_dcmpge
                0x10002e74       0x10 CMakeFiles/control-AD.dir/C_/Users/Ana/.pico-sdk/sdk/2.1.0/src/rp2_common/pico_double/double_aeabi_rp2040.S.obj
                0x10002e74                __wrap___aeabi_dcmpge
 .text.__wrap___aeabi_dcmpgt
                0x10002e84        0xa CMakeFiles/control-AD.dir/C_/Users/Ana/.pico-sdk/sdk/2.1.0/src/rp2_common/pico_double/double_aeabi_rp2040.S.obj
                0x10002e84                __wrap___aeabi_dcmpgt
 .text.__wrap___aeabi_dcmpun
                0x10002e8e       0x18 CMakeFiles/control-AD.dir/C_/Users/Ana/.pico-sdk/sdk/2.1.0/src/rp2_common/pico_double/double_aeabi_rp2040.S.obj
                0x10002e8e                __wrap___aeabi_dcmpun
 *fill*         0x10002ea6        0x2 
 .text.__wrap___aeabi_i2d
                0x10002ea8       0x38 CMakeFiles/control-AD.dir/C_/Users/Ana/.pico-sdk/sdk/2.1.0/src/rp2_common/pico_double/double_aeabi_rp2040.S.obj
                0x10002ea8                __wrap___aeabi_ui2d
                0x10002eb0                __wrap___aeabi_i2d
 .text.__wrap___aeabi_d2iz
                0x10002ee0       0x48 CMakeFiles/control-AD.dir/C_/Users/Ana/.pico-sdk/sdk/2.1.0/src/rp2_common/pico_double/double_aeabi_rp2040.S.obj
                0x10002ee0                double2int_z
                0x10002ee0                __wrap___aeabi_d2iz
 .text.__wrap___aeabi_d2uiz
                0x10002f28       0x10 CMakeFiles/control-AD.dir/C_/Users/Ana/.pico-sdk/sdk/2.1.0/src/rp2_common/pico_double/double_aeabi_rp2040.S.obj
                0x10002f28                __wrap___aeabi_d2uiz
                0x10002f28                double2uint
 .text.missing_double_func_shim
                0x10002f38        0xc CMakeFiles/control-AD.dir/C_/Users/Ana/.pico-sdk/sdk/2.1.0/src/rp2_common/pico_double/double_init_rom_rp2040.c.obj
 .text.__aeabi_double_init
                0x10002f44       0xa0 CMakeFiles/control-AD.dir/C_/Users/Ana/.pico-sdk/sdk/2.1.0/src/rp2_common/pico_double/double_init_rom_rp2040.c.obj
                0x10002f44                __aeabi_double_init
 .text.double_table_shim_on_use_helper
                0x10002fe4       0x2c CMakeFiles/control-AD.dir/C_/Users/Ana/.pico-sdk/sdk/2.1.0/src/rp2_common/pico_double/double_v1_rom_shim_rp2040.S.obj
                0x10002fe4                double_table_shim_on_use_helper
 .text.__aeabi_lmul
                0x10003010       0x32 CMakeFiles/control-AD.dir/C_/Users/Ana/.pico-sdk/sdk/2.1.0/src/rp2_common/pico_int64_ops/pico_int64_ops_aeabi.S.obj
                0x10003010                __wrap___aeabi_lmul
 *fill*         0x10003042        0x2 
 .text.missing_float_func_shim
                0x10003044        0xc CMakeFiles/control-AD.dir/C_/Users/Ana/.pico-sdk/sdk/2.1.0/src/rp2_common/pico_float/float_init_rom_rp2040.c.obj
 .text.__aeabi_float_init
                0x10003050       0x5c CMakeFiles/control-AD.dir/C_/Users/Ana/.pico-sdk/sdk/2.1.0/src/rp2_common/pico_float/float_init_rom_rp2040.c.obj
                0x10003050                __aeabi_float_init
 .text.__wrap_calloc
                0x100030ac       0x28 CMakeFiles/control-AD.dir/C_/Users/Ana/.pico-sdk/sdk/2.1.0/src/rp2_common/pico_malloc/malloc.c.obj
                0x100030ac                __wrap_calloc
 .text          0x100030d4       0x10 CMakeFiles/control-AD.dir/C_/Users/Ana/.pico-sdk/sdk/2.1.0/src/rp2_common/pico_mem_ops/mem_ops_aeabi.S.obj
                0x100030d4                __aeabi_mem_init
 .text.memset   0x100030e4        0xc CMakeFiles/control-AD.dir/C_/Users/Ana/.pico-sdk/sdk/2.1.0/src/rp2_common/pico_mem_ops/mem_ops_aeabi.S.obj
                0x100030e4                __wrap_memset
 .text.memcpy   0x100030f0        0xc CMakeFiles/control-AD.dir/C_/Users/Ana/.pico-sdk/sdk/2.1.0/src/rp2_common/pico_mem_ops/mem_ops_aeabi.S.obj
                0x100030f0                __wrap_memcpy
                0x100030f0                __wrap___aeabi_memcpy
 .text._out_null
                0x100030fc        0x4 CMakeFiles/control-AD.dir/C_/Users/Ana/.pico-sdk/sdk/2.1.0/src/rp2_common/pico_printf/printf.c.obj
 .text._out_rev
                0x10003100       0xac CMakeFiles/control-AD.dir/C_/Users/Ana/.pico-sdk/sdk/2.1.0/src/rp2_common/pico_printf/printf.c.obj
 .text._ntoa_format
                0x100031ac      0x250 CMakeFiles/control-AD.dir/C_/Users/Ana/.pico-sdk/sdk/2.1.0/src/rp2_common/pico_printf/printf.c.obj
 .text._out_char
                0x100033fc       0x10 CMakeFiles/control-AD.dir/C_/Users/Ana/.pico-sdk/sdk/2.1.0/src/rp2_common/pico_printf/printf.c.obj
 .text._out_fct
                0x1000340c       0x10 CMakeFiles/control-AD.dir/C_/Users/Ana/.pico-sdk/sdk/2.1.0/src/rp2_common/pico_printf/printf.c.obj
 .text._etoa    0x1000341c      0x464 CMakeFiles/control-AD.dir/C_/Users/Ana/.pico-sdk/sdk/2.1.0/src/rp2_common/pico_printf/printf.c.obj
 .text._ftoa    0x10003880      0x3c0 CMakeFiles/control-AD.dir/C_/Users/Ana/.pico-sdk/sdk/2.1.0/src/rp2_common/pico_printf/printf.c.obj
 .text._vsnprintf
                0x10003c40      0xbc8 CMakeFiles/control-AD.dir/C_/Users/Ana/.pico-sdk/sdk/2.1.0/src/rp2_common/pico_printf/printf.c.obj
 .text.vfctprintf
                0x10004808       0x20 CMakeFiles/control-AD.dir/C_/Users/Ana/.pico-sdk/sdk/2.1.0/src/rp2_common/pico_printf/printf.c.obj
                0x10004808                vfctprintf
 .text.weak_raw_vprintf
                0x10004828       0x30 CMakeFiles/control-AD.dir/C_/Users/Ana/.pico-sdk/sdk/2.1.0/src/rp2_common/pico_printf/printf.c.obj
                0x10004828                weak_raw_vprintf
 .text._exit    0x10004858        0x4 CMakeFiles/control-AD.dir/C_/Users/Ana/.pico-sdk/sdk/2.1.0/src/rp2_common/pico_clib_interface/newlib_interface.c.obj
                0x10004858                _exit
 .text._sbrk    0x1000485c       0x34 CMakeFiles/control-AD.dir/C_/Users/Ana/.pico-sdk/sdk/2.1.0/src/rp2_common/pico_clib_interface/newlib_interface.c.obj
                0x1000485c                _sbrk
 .text.exit     0x10004890        0x8 CMakeFiles/control-AD.dir/C_/Users/Ana/.pico-sdk/sdk/2.1.0/src/rp2_common/pico_clib_interface/newlib_interface.c.obj
                0x10004890                exit
 .text.runtime_init
                0x10004898       0x2c CMakeFiles/control-AD.dir/C_/Users/Ana/.pico-sdk/sdk/2.1.0/src/rp2_common/pico_clib_interface/newlib_interface.c.obj
                0x10004898                runtime_init
 .text.stdio_out_chars_no_crlf
                0x100048c4       0x10 CMakeFiles/control-AD.dir/C_/Users/Ana/.pico-sdk/sdk/2.1.0/src/rp2_common/pico_stdio/stdio.c.obj
 .text.stdio_out_chars_crlf
                0x100048d4       0x94 CMakeFiles/control-AD.dir/C_/Users/Ana/.pico-sdk/sdk/2.1.0/src/rp2_common/pico_stdio/stdio.c.obj
 .text.stdio_buffered_printer
                0x10004968       0x64 CMakeFiles/control-AD.dir/C_/Users/Ana/.pico-sdk/sdk/2.1.0/src/rp2_common/pico_stdio/stdio.c.obj
 .text.stdio_put_string
                0x100049cc      0x100 CMakeFiles/control-AD.dir/C_/Users/Ana/.pico-sdk/sdk/2.1.0/src/rp2_common/pico_stdio/stdio.c.obj
                0x100049cc                stdio_put_string
 .text.stdio_set_driver_enabled
                0x10004acc       0x30 CMakeFiles/control-AD.dir/C_/Users/Ana/.pico-sdk/sdk/2.1.0/src/rp2_common/pico_stdio/stdio.c.obj
                0x10004acc                stdio_set_driver_enabled
 .text.stdio_init_all
                0x10004afc       0x10 CMakeFiles/control-AD.dir/C_/Users/Ana/.pico-sdk/sdk/2.1.0/src/rp2_common/pico_stdio/stdio.c.obj
                0x10004afc                stdio_init_all
 .text.__wrap_putchar
                0x10004b0c       0x98 CMakeFiles/control-AD.dir/C_/Users/Ana/.pico-sdk/sdk/2.1.0/src/rp2_common/pico_stdio/stdio.c.obj
                0x10004b0c                __wrap_putchar
                0x10004b0c                stdio_putchar
 .text.__wrap_puts
                0x10004ba4       0x3c CMakeFiles/control-AD.dir/C_/Users/Ana/.pico-sdk/sdk/2.1.0/src/rp2_common/pico_stdio/stdio.c.obj
                0x10004ba4                stdio_puts
                0x10004ba4                __wrap_puts
 .text.__wrap_vprintf
                0x10004be0       0xd4 CMakeFiles/control-AD.dir/C_/Users/Ana/.pico-sdk/sdk/2.1.0/src/rp2_common/pico_stdio/stdio.c.obj
                0x10004be0                stdio_vprintf
                0x10004be0                __wrap_vprintf
 .text.__wrap_printf
                0x10004cb4       0x18 CMakeFiles/control-AD.dir/C_/Users/Ana/.pico-sdk/sdk/2.1.0/src/rp2_common/pico_stdio/stdio.c.obj
                0x10004cb4                __wrap_printf
                0x10004cb4                stdio_printf
 .text.stdio_uart_out_chars
                0x10004ccc       0x4c CMakeFiles/control-AD.dir/C_/Users/Ana/.pico-sdk/sdk/2.1.0/src/rp2_common/pico_stdio_uart/stdio_uart.c.obj
 .text.stdio_uart_in_chars
                0x10004d18       0x90 CMakeFiles/control-AD.dir/C_/Users/Ana/.pico-sdk/sdk/2.1.0/src/rp2_common/pico_stdio_uart/stdio_uart.c.obj
                0x10004d18                stdio_uart_in_chars
 .text.on_uart_rx
                0x10004da8       0x28 CMakeFiles/control-AD.dir/C_/Users/Ana/.pico-sdk/sdk/2.1.0/src/rp2_common/pico_stdio_uart/stdio_uart.c.obj
 .text.stdio_uart_out_flush
                0x10004dd0       0x14 CMakeFiles/control-AD.dir/C_/Users/Ana/.pico-sdk/sdk/2.1.0/src/rp2_common/pico_stdio_uart/stdio_uart.c.obj
 .text.stdio_uart_set_chars_available_callback
                0x10004de4       0x84 CMakeFiles/control-AD.dir/C_/Users/Ana/.pico-sdk/sdk/2.1.0/src/rp2_common/pico_stdio_uart/stdio_uart.c.obj
 .text.stdio_uart_init
                0x10004e68       0x50 CMakeFiles/control-AD.dir/C_/Users/Ana/.pico-sdk/sdk/2.1.0/src/rp2_common/pico_stdio_uart/stdio_uart.c.obj
                0x10004e68                stdio_uart_init
 .text.resetd_init
                0x10004eb8        0x4 CMakeFiles/control-AD.dir/C_/Users/Ana/.pico-sdk/sdk/2.1.0/src/rp2_common/pico_stdio_usb/reset_interface.c.obj
 .text.resetd_reset
                0x10004ebc        0xc CMakeFiles/control-AD.dir/C_/Users/Ana/.pico-sdk/sdk/2.1.0/src/rp2_common/pico_stdio_usb/reset_interface.c.obj
 .text.resetd_open
                0x10004ec8       0x28 CMakeFiles/control-AD.dir/C_/Users/Ana/.pico-sdk/sdk/2.1.0/src/rp2_common/pico_stdio_usb/reset_interface.c.obj
 .text.resetd_xfer_cb
                0x10004ef0        0x4 CMakeFiles/control-AD.dir/C_/Users/Ana/.pico-sdk/sdk/2.1.0/src/rp2_common/pico_stdio_usb/reset_interface.c.obj
 .text.resetd_control_xfer_cb
                0x10004ef4       0x5c CMakeFiles/control-AD.dir/C_/Users/Ana/.pico-sdk/sdk/2.1.0/src/rp2_common/pico_stdio_usb/reset_interface.c.obj
 .text.tud_descriptor_bos_cb
                0x10004f50        0x8 CMakeFiles/control-AD.dir/C_/Users/Ana/.pico-sdk/sdk/2.1.0/src/rp2_common/pico_stdio_usb/reset_interface.c.obj
                0x10004f50                tud_descriptor_bos_cb
 .text.tud_vendor_control_xfer_cb
                0x10004f58       0x34 CMakeFiles/control-AD.dir/C_/Users/Ana/.pico-sdk/sdk/2.1.0/src/rp2_common/pico_stdio_usb/reset_interface.c.obj
                0x10004f58                tud_vendor_control_xfer_cb
 .text.usbd_app_driver_get_cb
                0x10004f8c        0xc CMakeFiles/control-AD.dir/C_/Users/Ana/.pico-sdk/sdk/2.1.0/src/rp2_common/pico_stdio_usb/reset_interface.c.obj
                0x10004f8c                usbd_app_driver_get_cb
 .text.tud_cdc_line_coding_cb
                0x10004f98       0x2c CMakeFiles/control-AD.dir/C_/Users/Ana/.pico-sdk/sdk/2.1.0/src/rp2_common/pico_stdio_usb/reset_interface.c.obj
                0x10004f98                tud_cdc_line_coding_cb
 .text.stdio_usb_set_chars_available_callback
                0x10004fc4       0x14 CMakeFiles/control-AD.dir/C_/Users/Ana/.pico-sdk/sdk/2.1.0/src/rp2_common/pico_stdio_usb/stdio_usb.c.obj
                0x10004fc4                stdio_usb_set_chars_available_callback
 .text.usb_irq  0x10004fd8       0x10 CMakeFiles/control-AD.dir/C_/Users/Ana/.pico-sdk/sdk/2.1.0/src/rp2_common/pico_stdio_usb/stdio_usb.c.obj
 .text.timer_task
                0x10004fe8       0x64 CMakeFiles/control-AD.dir/C_/Users/Ana/.pico-sdk/sdk/2.1.0/src/rp2_common/pico_stdio_usb/stdio_usb.c.obj
 .text.stdio_usb_in_chars
                0x1000504c       0x90 CMakeFiles/control-AD.dir/C_/Users/Ana/.pico-sdk/sdk/2.1.0/src/rp2_common/pico_stdio_usb/stdio_usb.c.obj
                0x1000504c                stdio_usb_in_chars
 .text.stdio_usb_out_flush
                0x100050dc       0x50 CMakeFiles/control-AD.dir/C_/Users/Ana/.pico-sdk/sdk/2.1.0/src/rp2_common/pico_stdio_usb/stdio_usb.c.obj
 .text.stdio_usb_out_chars
                0x1000512c      0x104 CMakeFiles/control-AD.dir/C_/Users/Ana/.pico-sdk/sdk/2.1.0/src/rp2_common/pico_stdio_usb/stdio_usb.c.obj
 .text.low_priority_worker_irq
                0x10005230       0xcc CMakeFiles/control-AD.dir/C_/Users/Ana/.pico-sdk/sdk/2.1.0/src/rp2_common/pico_stdio_usb/stdio_usb.c.obj
 .text.stdio_usb_init
                0x100052fc       0xe8 CMakeFiles/control-AD.dir/C_/Users/Ana/.pico-sdk/sdk/2.1.0/src/rp2_common/pico_stdio_usb/stdio_usb.c.obj
                0x100052fc                stdio_usb_init
 .text.tud_descriptor_device_cb
                0x100053e4        0x8 CMakeFiles/control-AD.dir/C_/Users/Ana/.pico-sdk/sdk/2.1.0/src/rp2_common/pico_stdio_usb/stdio_usb_descriptors.c.obj
                0x100053e4                tud_descriptor_device_cb
 .text.tud_descriptor_configuration_cb
                0x100053ec        0x8 CMakeFiles/control-AD.dir/C_/Users/Ana/.pico-sdk/sdk/2.1.0/src/rp2_common/pico_stdio_usb/stdio_usb_descriptors.c.obj
                0x100053ec                tud_descriptor_configuration_cb
 .text.tud_descriptor_string_cb
                0x100053f4       0x78 CMakeFiles/control-AD.dir/C_/Users/Ana/.pico-sdk/sdk/2.1.0/src/rp2_common/pico_stdio_usb/stdio_usb_descriptors.c.obj
                0x100053f4                tud_descriptor_string_cb
 .text.startup._retrieve_unique_id_on_boot
                0x1000546c       0x10 CMakeFiles/control-AD.dir/C_/Users/Ana/.pico-sdk/sdk/2.1.0/src/rp2_common/pico_unique_id/unique_id.c.obj
 .text.pico_get_unique_board_id_string
                0x1000547c      0x1a8 CMakeFiles/control-AD.dir/C_/Users/Ana/.pico-sdk/sdk/2.1.0/src/rp2_common/pico_unique_id/unique_id.c.obj
                0x1000547c                pico_get_unique_board_id_string
 .text.flash_get_unique_id
                0x10005624       0x3c CMakeFiles/control-AD.dir/C_/Users/Ana/.pico-sdk/sdk/2.1.0/src/rp2_common/hardware_flash/flash.c.obj
                0x10005624                flash_get_unique_id
 .text.dcd_init
                0x10005660       0x8c CMakeFiles/control-AD.dir/C_/Users/Ana/.pico-sdk/sdk/2.1.0/lib/tinyusb/src/portable/raspberrypi/rp2040/dcd_rp2040.c.obj
                0x10005660                dcd_init
 .text.dcd_int_enable
                0x100056ec        0xc CMakeFiles/control-AD.dir/C_/Users/Ana/.pico-sdk/sdk/2.1.0/lib/tinyusb/src/portable/raspberrypi/rp2040/dcd_rp2040.c.obj
                0x100056ec                dcd_int_enable
 .text.dcd_set_address
                0x100056f8       0x14 CMakeFiles/control-AD.dir/C_/Users/Ana/.pico-sdk/sdk/2.1.0/lib/tinyusb/src/portable/raspberrypi/rp2040/dcd_rp2040.c.obj
                0x100056f8                dcd_set_address
 .text.dcd_sof_enable
                0x1000570c       0x1c CMakeFiles/control-AD.dir/C_/Users/Ana/.pico-sdk/sdk/2.1.0/lib/tinyusb/src/portable/raspberrypi/rp2040/dcd_rp2040.c.obj
                0x1000570c                dcd_sof_enable
 .text.dcd_edpt0_status_complete
                0x10005728       0x1c CMakeFiles/control-AD.dir/C_/Users/Ana/.pico-sdk/sdk/2.1.0/lib/tinyusb/src/portable/raspberrypi/rp2040/dcd_rp2040.c.obj
                0x10005728                dcd_edpt0_status_complete
 .text.dcd_edpt_open
                0x10005744      0x108 CMakeFiles/control-AD.dir/C_/Users/Ana/.pico-sdk/sdk/2.1.0/lib/tinyusb/src/portable/raspberrypi/rp2040/dcd_rp2040.c.obj
                0x10005744                dcd_edpt_open
 .text.dcd_edpt_close_all
                0x1000584c        0x8 CMakeFiles/control-AD.dir/C_/Users/Ana/.pico-sdk/sdk/2.1.0/lib/tinyusb/src/portable/raspberrypi/rp2040/dcd_rp2040.c.obj
                0x1000584c                dcd_edpt_close_all
 .text.dcd_edpt_xfer
                0x10005854       0x24 CMakeFiles/control-AD.dir/C_/Users/Ana/.pico-sdk/sdk/2.1.0/lib/tinyusb/src/portable/raspberrypi/rp2040/dcd_rp2040.c.obj
                0x10005854                dcd_edpt_xfer
 .text.dcd_edpt_stall
                0x10005878       0x34 CMakeFiles/control-AD.dir/C_/Users/Ana/.pico-sdk/sdk/2.1.0/lib/tinyusb/src/portable/raspberrypi/rp2040/dcd_rp2040.c.obj
                0x10005878                dcd_edpt_stall
 .text.dcd_edpt_clear_stall
                0x100058ac       0x30 CMakeFiles/control-AD.dir/C_/Users/Ana/.pico-sdk/sdk/2.1.0/lib/tinyusb/src/portable/raspberrypi/rp2040/dcd_rp2040.c.obj
                0x100058ac                dcd_edpt_clear_stall
 .text.rp2040_usb_init
                0x100058dc       0x40 CMakeFiles/control-AD.dir/C_/Users/Ana/.pico-sdk/sdk/2.1.0/lib/tinyusb/src/portable/raspberrypi/rp2040/rp2040_usb.c.obj
                0x100058dc                rp2040_usb_init
 .text.hw_endpoint_xfer_start
                0x1000591c       0x40 CMakeFiles/control-AD.dir/C_/Users/Ana/.pico-sdk/sdk/2.1.0/lib/tinyusb/src/portable/raspberrypi/rp2040/rp2040_usb.c.obj
                0x1000591c                hw_endpoint_xfer_start
 .text.tud_event_hook_cb
                0x1000595c        0x4 CMakeFiles/control-AD.dir/C_/Users/Ana/.pico-sdk/sdk/2.1.0/lib/tinyusb/src/device/usbd.c.obj
                0x1000595c                tud_event_hook_cb
 .text.tud_sof_cb
                0x10005960        0x4 CMakeFiles/control-AD.dir/C_/Users/Ana/.pico-sdk/sdk/2.1.0/lib/tinyusb/src/device/usbd.c.obj
                0x10005960                tud_sof_cb
 .text.tud_descriptor_device_qualifier_cb
                0x10005964        0x4 CMakeFiles/control-AD.dir/C_/Users/Ana/.pico-sdk/sdk/2.1.0/lib/tinyusb/src/device/usbd.c.obj
                0x10005964                tud_descriptor_device_qualifier_cb
 .text.tud_descriptor_other_speed_configuration_cb
                0x10005968        0x4 CMakeFiles/control-AD.dir/C_/Users/Ana/.pico-sdk/sdk/2.1.0/lib/tinyusb/src/device/usbd.c.obj
                0x10005968                tud_descriptor_other_speed_configuration_cb
 .text.tud_mount_cb
                0x1000596c        0x4 CMakeFiles/control-AD.dir/C_/Users/Ana/.pico-sdk/sdk/2.1.0/lib/tinyusb/src/device/usbd.c.obj
                0x1000596c                tud_mount_cb
 .text.tud_umount_cb
                0x10005970        0x4 CMakeFiles/control-AD.dir/C_/Users/Ana/.pico-sdk/sdk/2.1.0/lib/tinyusb/src/device/usbd.c.obj
                0x10005970                tud_umount_cb
 .text.tud_suspend_cb
                0x10005974        0x4 CMakeFiles/control-AD.dir/C_/Users/Ana/.pico-sdk/sdk/2.1.0/lib/tinyusb/src/device/usbd.c.obj
                0x10005974                tud_suspend_cb
 .text.tud_resume_cb
                0x10005978        0x4 CMakeFiles/control-AD.dir/C_/Users/Ana/.pico-sdk/sdk/2.1.0/lib/tinyusb/src/device/usbd.c.obj
                0x10005978                tud_resume_cb
 .text.tud_mounted
                0x1000597c       0x10 CMakeFiles/control-AD.dir/C_/Users/Ana/.pico-sdk/sdk/2.1.0/lib/tinyusb/src/device/usbd.c.obj
                0x1000597c                tud_mounted
 .text.tud_suspended
                0x1000598c       0x10 CMakeFiles/control-AD.dir/C_/Users/Ana/.pico-sdk/sdk/2.1.0/lib/tinyusb/src/device/usbd.c.obj
                0x1000598c                tud_suspended
 .text.tud_init
                0x1000599c       0xe4 CMakeFiles/control-AD.dir/C_/Users/Ana/.pico-sdk/sdk/2.1.0/lib/tinyusb/src/device/usbd.c.obj
                0x1000599c                tud_init
 .text.tud_task_ext
                0x10005a80      0x800 CMakeFiles/control-AD.dir/C_/Users/Ana/.pico-sdk/sdk/2.1.0/lib/tinyusb/src/device/usbd.c.obj
                0x10005a80                tud_task_ext
 .text.usbd_open_edpt_pair
                0x10006280       0x9c CMakeFiles/control-AD.dir/C_/Users/Ana/.pico-sdk/sdk/2.1.0/lib/tinyusb/src/device/usbd.c.obj
                0x10006280                usbd_open_edpt_pair
 .text.usbd_edpt_open
                0x1000631c       0x34 CMakeFiles/control-AD.dir/C_/Users/Ana/.pico-sdk/sdk/2.1.0/lib/tinyusb/src/device/usbd.c.obj
                0x1000631c                usbd_edpt_open
 .text.usbd_edpt_claim
                0x10006350       0x28 CMakeFiles/control-AD.dir/C_/Users/Ana/.pico-sdk/sdk/2.1.0/lib/tinyusb/src/device/usbd.c.obj
                0x10006350                usbd_edpt_claim
 .text.usbd_edpt_release
                0x10006378       0x28 CMakeFiles/control-AD.dir/C_/Users/Ana/.pico-sdk/sdk/2.1.0/lib/tinyusb/src/device/usbd.c.obj
                0x10006378                usbd_edpt_release
 .text.usbd_edpt_xfer
                0x100063a0       0x4c CMakeFiles/control-AD.dir/C_/Users/Ana/.pico-sdk/sdk/2.1.0/lib/tinyusb/src/device/usbd.c.obj
                0x100063a0                usbd_edpt_xfer
 .text.tud_control_status
                0x100063ec       0x2c CMakeFiles/control-AD.dir/C_/Users/Ana/.pico-sdk/sdk/2.1.0/lib/tinyusb/src/device/usbd_control.c.obj
                0x100063ec                tud_control_status
 .text.tud_control_xfer
                0x10006418       0xac CMakeFiles/control-AD.dir/C_/Users/Ana/.pico-sdk/sdk/2.1.0/lib/tinyusb/src/device/usbd_control.c.obj
                0x10006418                tud_control_xfer
 .text.usbd_control_reset
                0x100064c4       0x14 CMakeFiles/control-AD.dir/C_/Users/Ana/.pico-sdk/sdk/2.1.0/lib/tinyusb/src/device/usbd_control.c.obj
                0x100064c4                usbd_control_reset
 .text.usbd_control_set_complete_callback
                0x100064d8        0xc CMakeFiles/control-AD.dir/C_/Users/Ana/.pico-sdk/sdk/2.1.0/lib/tinyusb/src/device/usbd_control.c.obj
                0x100064d8                usbd_control_set_complete_callback
 .text.usbd_control_set_request
                0x100064e4       0x1c CMakeFiles/control-AD.dir/C_/Users/Ana/.pico-sdk/sdk/2.1.0/lib/tinyusb/src/device/usbd_control.c.obj
                0x100064e4                usbd_control_set_request
 .text.usbd_control_xfer_cb
                0x10006500       0xec CMakeFiles/control-AD.dir/C_/Users/Ana/.pico-sdk/sdk/2.1.0/lib/tinyusb/src/device/usbd_control.c.obj
                0x10006500                usbd_control_xfer_cb
 .text._prep_out_transaction.isra.0
                0x100065ec       0x5c CMakeFiles/control-AD.dir/C_/Users/Ana/.pico-sdk/sdk/2.1.0/lib/tinyusb/src/class/cdc/cdc_device.c.obj
 .text.tud_cdc_n_connected
                0x10006648       0x30 CMakeFiles/control-AD.dir/C_/Users/Ana/.pico-sdk/sdk/2.1.0/lib/tinyusb/src/class/cdc/cdc_device.c.obj
                0x10006648                tud_cdc_n_connected
 .text.tud_cdc_n_available
                0x10006678       0x18 CMakeFiles/control-AD.dir/C_/Users/Ana/.pico-sdk/sdk/2.1.0/lib/tinyusb/src/class/cdc/cdc_device.c.obj
                0x10006678                tud_cdc_n_available
 .text.tud_cdc_n_read
                0x10006690       0x98 CMakeFiles/control-AD.dir/C_/Users/Ana/.pico-sdk/sdk/2.1.0/lib/tinyusb/src/class/cdc/cdc_device.c.obj
                0x10006690                tud_cdc_n_read
 .text.tud_cdc_n_write_flush
                0x10006728       0x78 CMakeFiles/control-AD.dir/C_/Users/Ana/.pico-sdk/sdk/2.1.0/lib/tinyusb/src/class/cdc/cdc_device.c.obj
                0x10006728                tud_cdc_n_write_flush
 .text.tud_cdc_n_write
                0x100067a0       0x40 CMakeFiles/control-AD.dir/C_/Users/Ana/.pico-sdk/sdk/2.1.0/lib/tinyusb/src/class/cdc/cdc_device.c.obj
                0x100067a0                tud_cdc_n_write
 .text.tud_cdc_n_write_available
                0x100067e0       0x18 CMakeFiles/control-AD.dir/C_/Users/Ana/.pico-sdk/sdk/2.1.0/lib/tinyusb/src/class/cdc/cdc_device.c.obj
                0x100067e0                tud_cdc_n_write_available
 .text.cdcd_init
                0x100067f8       0x7c CMakeFiles/control-AD.dir/C_/Users/Ana/.pico-sdk/sdk/2.1.0/lib/tinyusb/src/class/cdc/cdc_device.c.obj
                0x100067f8                cdcd_init
 .text.cdcd_deinit
                0x10006874       0x34 CMakeFiles/control-AD.dir/C_/Users/Ana/.pico-sdk/sdk/2.1.0/lib/tinyusb/src/class/cdc/cdc_device.c.obj
                0x10006874                cdcd_deinit
 .text.cdcd_reset
                0x100068a8       0x4c CMakeFiles/control-AD.dir/C_/Users/Ana/.pico-sdk/sdk/2.1.0/lib/tinyusb/src/class/cdc/cdc_device.c.obj
                0x100068a8                cdcd_reset
 .text.cdcd_open
                0x100068f4       0xb0 CMakeFiles/control-AD.dir/C_/Users/Ana/.pico-sdk/sdk/2.1.0/lib/tinyusb/src/class/cdc/cdc_device.c.obj
                0x100068f4                cdcd_open
 .text.cdcd_control_xfer_cb
                0x100069a4       0xe4 CMakeFiles/control-AD.dir/C_/Users/Ana/.pico-sdk/sdk/2.1.0/lib/tinyusb/src/class/cdc/cdc_device.c.obj
                0x100069a4                cdcd_control_xfer_cb
 .text.cdcd_xfer_cb
                0x10006a88      0x100 CMakeFiles/control-AD.dir/C_/Users/Ana/.pico-sdk/sdk/2.1.0/lib/tinyusb/src/class/cdc/cdc_device.c.obj
                0x10006a88                cdcd_xfer_cb
 .text.vendord_init
                0x10006b88       0x5c CMakeFiles/control-AD.dir/C_/Users/Ana/.pico-sdk/sdk/2.1.0/lib/tinyusb/src/class/vendor/vendor_device.c.obj
                0x10006b88                vendord_init
 .text.vendord_deinit
                0x10006be4       0x1c CMakeFiles/control-AD.dir/C_/Users/Ana/.pico-sdk/sdk/2.1.0/lib/tinyusb/src/class/vendor/vendor_device.c.obj
                0x10006be4                vendord_deinit
 .text.vendord_reset
                0x10006c00       0x20 CMakeFiles/control-AD.dir/C_/Users/Ana/.pico-sdk/sdk/2.1.0/lib/tinyusb/src/class/vendor/vendor_device.c.obj
                0x10006c00                vendord_reset
 .text.vendord_open
                0x10006c20      0x138 CMakeFiles/control-AD.dir/C_/Users/Ana/.pico-sdk/sdk/2.1.0/lib/tinyusb/src/class/vendor/vendor_device.c.obj
                0x10006c20                vendord_open
 .text.vendord_xfer_cb
                0x10006d58       0x9c CMakeFiles/control-AD.dir/C_/Users/Ana/.pico-sdk/sdk/2.1.0/lib/tinyusb/src/class/vendor/vendor_device.c.obj
                0x10006d58                vendord_xfer_cb
 .text.tusb_init
                0x10006df4        0xc CMakeFiles/control-AD.dir/C_/Users/Ana/.pico-sdk/sdk/2.1.0/lib/tinyusb/src/tusb.c.obj
                0x10006df4                tusb_init
 .text.tu_edpt_claim
                0x10006e00       0x50 CMakeFiles/control-AD.dir/C_/Users/Ana/.pico-sdk/sdk/2.1.0/lib/tinyusb/src/tusb.c.obj
                0x10006e00                tu_edpt_claim
 .text.tu_edpt_release
                0x10006e50       0x38 CMakeFiles/control-AD.dir/C_/Users/Ana/.pico-sdk/sdk/2.1.0/lib/tinyusb/src/tusb.c.obj
                0x10006e50                tu_edpt_release
 .text.tu_edpt_validate
                0x10006e88       0x7c CMakeFiles/control-AD.dir/C_/Users/Ana/.pico-sdk/sdk/2.1.0/lib/tinyusb/src/tusb.c.obj
                0x10006e88                tu_edpt_validate
 .text.tu_edpt_bind_driver
                0x10006f04       0x34 CMakeFiles/control-AD.dir/C_/Users/Ana/.pico-sdk/sdk/2.1.0/lib/tinyusb/src/tusb.c.obj
                0x10006f04                tu_edpt_bind_driver
 .text.tu_edpt_stream_init
                0x10006f38       0x6c CMakeFiles/control-AD.dir/C_/Users/Ana/.pico-sdk/sdk/2.1.0/lib/tinyusb/src/tusb.c.obj
                0x10006f38                tu_edpt_stream_init
 .text.tu_edpt_stream_deinit
                0x10006fa4        0x4 CMakeFiles/control-AD.dir/C_/Users/Ana/.pico-sdk/sdk/2.1.0/lib/tinyusb/src/tusb.c.obj
                0x10006fa4                tu_edpt_stream_deinit
 .text.tu_edpt_stream_write_zlp_if_needed
                0x10006fa8       0x68 CMakeFiles/control-AD.dir/C_/Users/Ana/.pico-sdk/sdk/2.1.0/lib/tinyusb/src/tusb.c.obj
                0x10006fa8                tu_edpt_stream_write_zlp_if_needed
 .text.tu_edpt_stream_write_xfer
                0x10007010       0x64 CMakeFiles/control-AD.dir/C_/Users/Ana/.pico-sdk/sdk/2.1.0/lib/tinyusb/src/tusb.c.obj
                0x10007010                tu_edpt_stream_write_xfer
 .text.tu_edpt_stream_read_xfer
                0x10007074       0xdc CMakeFiles/control-AD.dir/C_/Users/Ana/.pico-sdk/sdk/2.1.0/lib/tinyusb/src/tusb.c.obj
                0x10007074                tu_edpt_stream_read_xfer
 .text.tu_fifo_config
                0x10007150       0x6c CMakeFiles/control-AD.dir/C_/Users/Ana/.pico-sdk/sdk/2.1.0/lib/tinyusb/src/common/tusb_fifo.c.obj
                0x10007150                tu_fifo_config
 .text.tu_fifo_count
                0x100071bc       0x2c CMakeFiles/control-AD.dir/C_/Users/Ana/.pico-sdk/sdk/2.1.0/lib/tinyusb/src/common/tusb_fifo.c.obj
                0x100071bc                tu_fifo_count
 .text.tu_fifo_empty
                0x100071e8       0x10 CMakeFiles/control-AD.dir/C_/Users/Ana/.pico-sdk/sdk/2.1.0/lib/tinyusb/src/common/tusb_fifo.c.obj
                0x100071e8                tu_fifo_empty
 .text.tu_fifo_remaining
                0x100071f8       0x2c CMakeFiles/control-AD.dir/C_/Users/Ana/.pico-sdk/sdk/2.1.0/lib/tinyusb/src/common/tusb_fifo.c.obj
                0x100071f8                tu_fifo_remaining
 .text.tu_fifo_read
                0x10007224       0x9c CMakeFiles/control-AD.dir/C_/Users/Ana/.pico-sdk/sdk/2.1.0/lib/tinyusb/src/common/tusb_fifo.c.obj
                0x10007224                tu_fifo_read
 .text.tu_fifo_read_n
                0x100072c0       0xe8 CMakeFiles/control-AD.dir/C_/Users/Ana/.pico-sdk/sdk/2.1.0/lib/tinyusb/src/common/tusb_fifo.c.obj
                0x100072c0                tu_fifo_read_n
 .text.tu_fifo_write
                0x100073a8       0xa8 CMakeFiles/control-AD.dir/C_/Users/Ana/.pico-sdk/sdk/2.1.0/lib/tinyusb/src/common/tusb_fifo.c.obj
                0x100073a8                tu_fifo_write
 .text.tu_fifo_write_n
                0x10007450      0x178 CMakeFiles/control-AD.dir/C_/Users/Ana/.pico-sdk/sdk/2.1.0/lib/tinyusb/src/common/tusb_fifo.c.obj
                0x10007450                tu_fifo_write_n
 .text.tu_fifo_clear
                0x100075c8       0x40 CMakeFiles/control-AD.dir/C_/Users/Ana/.pico-sdk/sdk/2.1.0/lib/tinyusb/src/common/tusb_fifo.c.obj
                0x100075c8                tu_fifo_clear
 .text.tu_fifo_set_overwritable
                0x10007608       0x48 CMakeFiles/control-AD.dir/C_/Users/Ana/.pico-sdk/sdk/2.1.0/lib/tinyusb/src/common/tusb_fifo.c.obj
                0x10007608                tu_fifo_set_overwritable
 .text.adc_init
                0x10007650       0x38 CMakeFiles/control-AD.dir/C_/Users/Ana/.pico-sdk/sdk/2.1.0/src/rp2_common/hardware_adc/adc.c.obj
                0x10007650                adc_init
 .text.i2c_write_blocking_internal.constprop.0
                0x10007688       0xd0 CMakeFiles/control-AD.dir/C_/Users/Ana/.pico-sdk/sdk/2.1.0/src/rp2_common/hardware_i2c/i2c.c.obj
 .text.i2c_set_baudrate
                0x10007758       0xc0 CMakeFiles/control-AD.dir/C_/Users/Ana/.pico-sdk/sdk/2.1.0/src/rp2_common/hardware_i2c/i2c.c.obj
                0x10007758                i2c_set_baudrate
 .text.i2c_init
                0x10007818       0x50 CMakeFiles/control-AD.dir/C_/Users/Ana/.pico-sdk/sdk/2.1.0/src/rp2_common/hardware_i2c/i2c.c.obj
                0x10007818                i2c_init
 .text.i2c_write_blocking
                0x10007868       0x14 CMakeFiles/control-AD.dir/C_/Users/Ana/.pico-sdk/sdk/2.1.0/src/rp2_common/hardware_i2c/i2c.c.obj
                0x10007868                i2c_write_blocking
 .text.calloc   0x1000787c       0x18 C:/Users/Ana/.pico-sdk/toolchain/13_3_Rel1/bin/../lib/gcc/arm-none-eabi/13.3.1/thumb/v6-m/nofp\libg.a(libc_a-calloc.o)
                0x1000787c                calloc
 .text._calloc_r
                0x10007894       0xa8 C:/Users/Ana/.pico-sdk/toolchain/13_3_Rel1/bin/../lib/gcc/arm-none-eabi/13.3.1/thumb/v6-m/nofp\libg.a(libc_a-callocr.o)
                0x10007894                _calloc_r
 .text._malloc_r
                0x1000793c      0x5c4 C:/Users/Ana/.pico-sdk/toolchain/13_3_Rel1/bin/../lib/gcc/arm-none-eabi/13.3.1/thumb/v6-m/nofp\libg.a(libc_a-mallocr.o)
                0x1000793c                _malloc_r
 .text.__malloc_lock
                0x10007f00       0x10 C:/Users/Ana/.pico-sdk/toolchain/13_3_Rel1/bin/../lib/gcc/arm-none-eabi/13.3.1/thumb/v6-m/nofp\libg.a(libc_a-mlock.o)
                0x10007f00                __malloc_lock
 .text.__malloc_unlock
                0x10007f10       0x10 C:/Users/Ana/.pico-sdk/toolchain/13_3_Rel1/bin/../lib/gcc/arm-none-eabi/13.3.1/thumb/v6-m/nofp\libg.a(libc_a-mlock.o)
                0x10007f10                __malloc_unlock
 .text._sbrk_r  0x10007f20       0x24 C:/Users/Ana/.pico-sdk/toolchain/13_3_Rel1/bin/../lib/gcc/arm-none-eabi/13.3.1/thumb/v6-m/nofp\libg.a(libc_a-sbrkr.o)
                0x10007f20                _sbrk_r
 .text.__errno  0x10007f44        0xc C:/Users/Ana/.pico-sdk/toolchain/13_3_Rel1/bin/../lib/gcc/arm-none-eabi/13.3.1/thumb/v6-m/nofp\libg.a(libc_a-errno.o)
                0x10007f44                __errno
 .text.__retarget_lock_acquire_recursive
                0x10007f50        0x4 C:/Users/Ana/.pico-sdk/toolchain/13_3_Rel1/bin/../lib/gcc/arm-none-eabi/13.3.1/thumb/v6-m/nofp\libg.a(libc_a-lock.o)
                0x10007f50                __retarget_lock_acquire_recursive
 .text.__retarget_lock_release_recursive
                0x10007f54        0x4 C:/Users/Ana/.pico-sdk/toolchain/13_3_Rel1/bin/../lib/gcc/arm-none-eabi/13.3.1/thumb/v6-m/nofp\libg.a(libc_a-lock.o)
                0x10007f54                __retarget_lock_release_recursive
 .text.sysconf  0x10007f58       0x1c C:/Users/Ana/.pico-sdk/toolchain/13_3_Rel1/bin/../lib/gcc/arm-none-eabi/13.3.1/thumb/v6-m/nofp\libg.a(libc_a-sysconf.o)
                0x10007f58                sysconf
 .text.strlen   0x10007f74       0x5c C:/Users/Ana/.pico-sdk/toolchain/13_3_Rel1/bin/../lib/gcc/arm-none-eabi/13.3.1/thumb/v6-m/nofp\libg.a(libc_a-strlen-stub.o)
                0x10007f74                strlen
 .text._malloc_trim_r
                0x10007fd0       0xb4 C:/Users/Ana/.pico-sdk/toolchain/13_3_Rel1/bin/../lib/gcc/arm-none-eabi/13.3.1/thumb/v6-m/nofp\libg.a(libc_a-freer.o)
                0x10007fd0                _malloc_trim_r
 .text._free_r  0x10008084      0x1d4 C:/Users/Ana/.pico-sdk/toolchain/13_3_Rel1/bin/../lib/gcc/arm-none-eabi/13.3.1/thumb/v6-m/nofp\libg.a(libc_a-freer.o)
                0x10008084                _free_r
 *(.fini)
 .fini          0x10008258        0x4 C:/Users/Ana/.pico-sdk/toolchain/13_3_Rel1/bin/../lib/gcc/arm-none-eabi/13.3.1/thumb/v6-m/nofp/crti.o
                0x10008258                _fini
 *fill*         0x1000825c        0x4 
 .fini.__stub   0x10008260       0xc0 linker stubs
 *crtbegin.o(.ctors)
 *crtbegin?.o(.ctors)
 *(EXCLUDE_FILE(*crtend.o *crtend?.o) .ctors)
 *(SORT_BY_NAME(.ctors.*))
 *(.ctors)
 *crtbegin.o(.dtors)
 *crtbegin?.o(.dtors)
 *(EXCLUDE_FILE(*crtend.o *crtend?.o) .dtors)
 *(SORT_BY_NAME(.dtors.*))
 *(.dtors)
                0x10008320                        . = ALIGN (0x4)
                0x10008320                        PROVIDE (__preinit_array_start = .)
 *(SORT_BY_NAME(.preinit_array.*))
 .preinit_array.00100
                0x10008320        0x4 CMakeFiles/control-AD.dir/C_/Users/Ana/.pico-sdk/sdk/2.1.0/src/rp2_common/pico_runtime_init/runtime_init.c.obj
                0x10008320                __pre_init_runtime_init_early_resets
 .preinit_array.00101
                0x10008324        0x4 CMakeFiles/control-AD.dir/C_/Users/Ana/.pico-sdk/sdk/2.1.0/src/rp2_common/pico_runtime_init/runtime_init.c.obj
                0x10008324                __pre_init_runtime_init_usb_power_down
 .preinit_array.00275
                0x10008328        0x4 CMakeFiles/control-AD.dir/C_/Users/Ana/.pico-sdk/sdk/2.1.0/src/rp2_common/pico_bit_ops/bit_ops_aeabi.S.obj
 .preinit_array.00300
                0x1000832c        0x4 CMakeFiles/control-AD.dir/C_/Users/Ana/.pico-sdk/sdk/2.1.0/src/rp2_common/pico_mem_ops/mem_ops_aeabi.S.obj
 .preinit_array.00350
                0x10008330        0x4 CMakeFiles/control-AD.dir/C_/Users/Ana/.pico-sdk/sdk/2.1.0/src/rp2_common/pico_double/double_aeabi_rp2040.S.obj
 .preinit_array.00350
                0x10008334        0x4 CMakeFiles/control-AD.dir/C_/Users/Ana/.pico-sdk/sdk/2.1.0/src/rp2_common/pico_float/float_aeabi_rp2040.S.obj
 .preinit_array.00500
                0x10008338        0x4 CMakeFiles/control-AD.dir/C_/Users/Ana/.pico-sdk/sdk/2.1.0/src/rp2_common/pico_runtime_init/runtime_init.c.obj
                0x10008338                __pre_init_runtime_init_clocks
 .preinit_array.00600
                0x1000833c        0x4 CMakeFiles/control-AD.dir/C_/Users/Ana/.pico-sdk/sdk/2.1.0/src/rp2_common/pico_runtime_init/runtime_init.c.obj
                0x1000833c                __pre_init_runtime_init_post_clock_resets
 .preinit_array.00700
                0x10008340        0x4 CMakeFiles/control-AD.dir/C_/Users/Ana/.pico-sdk/sdk/2.1.0/src/rp2_common/pico_runtime_init/runtime_init.c.obj
                0x10008340                __pre_init_runtime_init_rp2040_gpio_ie_disable
 .preinit_array.01000
                0x10008344        0x4 CMakeFiles/control-AD.dir/C_/Users/Ana/.pico-sdk/sdk/2.1.0/src/rp2_common/pico_runtime_init/runtime_init.c.obj
                0x10008344                __pre_init_runtime_init_spin_locks_reset
 .preinit_array.01100
                0x10008348        0x4 CMakeFiles/control-AD.dir/C_/Users/Ana/.pico-sdk/sdk/2.1.0/src/common/pico_sync/mutex.c.obj
                0x10008348                __pre_init_runtime_init_mutex
 .preinit_array.10080
                0x1000834c        0x4 CMakeFiles/control-AD.dir/C_/Users/Ana/.pico-sdk/sdk/2.1.0/src/rp2_common/pico_runtime_init/runtime_init.c.obj
                0x1000834c                __pre_init_runtime_init_install_ram_vector_table
 .preinit_array.11000
                0x10008350        0x4 CMakeFiles/control-AD.dir/C_/Users/Ana/.pico-sdk/sdk/2.1.0/src/common/pico_time/time.c.obj
                0x10008350                __pre_init_runtime_init_default_alarm_pool
 .preinit_array.YYYYY
                0x10008354        0x4 CMakeFiles/control-AD.dir/C_/Users/Ana/.pico-sdk/sdk/2.1.0/src/rp2_common/pico_runtime/runtime.c.obj
                0x10008354                __pre_init_first_per_core_initializer
 .preinit_array.ZZZZZ.01200
                0x10008358        0x4 CMakeFiles/control-AD.dir/C_/Users/Ana/.pico-sdk/sdk/2.1.0/src/rp2_common/hardware_irq/irq.c.obj
                0x10008358                __pre_init_runtime_init_per_core_irq_priorities
 *(.preinit_array)
                0x1000835c                        PROVIDE (__preinit_array_end = .)
                0x1000835c                        . = ALIGN (0x4)
                0x1000835c                        PROVIDE (__init_array_start = .)
 *(SORT_BY_NAME(.init_array.*))
 *(.init_array)
 .init_array    0x1000835c        0x4 C:/Users/Ana/.pico-sdk/toolchain/13_3_Rel1/bin/../lib/gcc/arm-none-eabi/13.3.1/thumb/v6-m/nofp/crtbegin.o
 .init_array    0x10008360        0x4 CMakeFiles/control-AD.dir/C_/Users/Ana/.pico-sdk/sdk/2.1.0/src/rp2_common/pico_unique_id/unique_id.c.obj
                0x10008364                        PROVIDE (__init_array_end = .)
                0x10008364                        . = ALIGN (0x4)
                [!provide]                        PROVIDE (__fini_array_start = .)
 *(SORT_BY_NAME(.fini_array.*))
 *(.fini_array)
                [!provide]                        PROVIDE (__fini_array_end = .)
 *(.eh_frame*)
 .eh_frame      0x10008364        0x0 C:/Users/Ana/.pico-sdk/toolchain/13_3_Rel1/bin/../lib/gcc/arm-none-eabi/13.3.1/thumb/v6-m/nofp/crtbegin.o
                0x10008364                        . = ALIGN (0x4)

.glue_7         0x10008364        0x0
 .glue_7        0x10008364        0x0 linker stubs

.glue_7t        0x10008364        0x0
 .glue_7t       0x10008364        0x0 linker stubs

.vfp11_veneer   0x10008364        0x0
 .vfp11_veneer  0x10008364        0x0 linker stubs

.v4_bx          0x10008364        0x0
 .v4_bx         0x10008364        0x0 linker stubs

.iplt           0x10008364        0x0
 .iplt          0x10008364        0x0 C:/Users/Ana/.pico-sdk/toolchain/13_3_Rel1/bin/../lib/gcc/arm-none-eabi/13.3.1/thumb/v6-m/nofp/crtbegin.o

.rodata         0x10008368      0x6c8
 *(EXCLUDE_FILE(*libm.a: *libc.a:*lib_a-mem*.o *libgcc.a:) .rodata*)
 .rodata.main.str1.4
                0x10008368      0x208 CMakeFiles/control-AD.dir/control-AD.c.obj
                                 0x44 (size before relaxing)
 .rodata.panic.str1.4
                0x10008570       0x12 CMakeFiles/control-AD.dir/C_/Users/Ana/.pico-sdk/sdk/2.1.0/src/rp2_common/pico_platform_panic/panic.c.obj
 .rodata.spin_lock_claim_unused.str1.4
                0x10008570       0x1b CMakeFiles/control-AD.dir/C_/Users/Ana/.pico-sdk/sdk/2.1.0/src/rp2_common/hardware_sync/sync.c.obj
 .rodata.user_irq_claim_unused.str1.4
                0x10008570       0x1b CMakeFiles/control-AD.dir/C_/Users/Ana/.pico-sdk/sdk/2.1.0/src/rp2_common/hardware_irq/irq.c.obj
 .rodata.timer_hardware_alarm_claim.str1.4
                0x10008570       0x22 CMakeFiles/control-AD.dir/C_/Users/Ana/.pico-sdk/sdk/2.1.0/src/rp2_common/hardware_timer/timer.c.obj
 .rodata.hard_assertion_failure.str1.4
                0x10008570        0xc CMakeFiles/control-AD.dir/C_/Users/Ana/.pico-sdk/sdk/2.1.0/src/rp2_common/pico_runtime/runtime.c.obj
 .rodata.missing_double_func_shim.str1.4
                0x10008570       0x18 CMakeFiles/control-AD.dir/C_/Users/Ana/.pico-sdk/sdk/2.1.0/src/rp2_common/pico_double/double_init_rom_rp2040.c.obj
 .rodata.missing_float_func_shim.str1.4
                0x10008570        0x1 CMakeFiles/control-AD.dir/C_/Users/Ana/.pico-sdk/sdk/2.1.0/src/rp2_common/pico_float/float_init_rom_rp2040.c.obj
 .rodata.__wrap_malloc.str1.4
                0x10008570        0xe CMakeFiles/control-AD.dir/C_/Users/Ana/.pico-sdk/sdk/2.1.0/src/rp2_common/pico_malloc/malloc.c.obj
 .rodata.str1.4
                0x10008570       0x40 CMakeFiles/control-AD.dir/C_/Users/Ana/.pico-sdk/sdk/2.1.0/src/rp2_common/pico_standard_binary_info/standard_binary_info.c.obj
 .rodata.__bi_84
                0x10008570        0xc CMakeFiles/control-AD.dir/C_/Users/Ana/.pico-sdk/sdk/2.1.0/src/rp2_common/pico_standard_binary_info/standard_binary_info.c.obj
 .rodata.__bi_78
                0x1000857c        0xc CMakeFiles/control-AD.dir/C_/Users/Ana/.pico-sdk/sdk/2.1.0/src/rp2_common/pico_standard_binary_info/standard_binary_info.c.obj
 .rodata.__bi_54
                0x10008588        0xc CMakeFiles/control-AD.dir/C_/Users/Ana/.pico-sdk/sdk/2.1.0/src/rp2_common/pico_standard_binary_info/standard_binary_info.c.obj
 .rodata.__bi_48
                0x10008594        0xc CMakeFiles/control-AD.dir/C_/Users/Ana/.pico-sdk/sdk/2.1.0/src/rp2_common/pico_standard_binary_info/standard_binary_info.c.obj
 .rodata.__bi_42
                0x100085a0        0xc CMakeFiles/control-AD.dir/C_/Users/Ana/.pico-sdk/sdk/2.1.0/src/rp2_common/pico_standard_binary_info/standard_binary_info.c.obj
 .rodata.__bi_34
                0x100085ac        0xc CMakeFiles/control-AD.dir/C_/Users/Ana/.pico-sdk/sdk/2.1.0/src/rp2_common/pico_standard_binary_info/standard_binary_info.c.obj
 .rodata.__bi_26
                0x100085b8        0xc CMakeFiles/control-AD.dir/C_/Users/Ana/.pico-sdk/sdk/2.1.0/src/rp2_common/pico_standard_binary_info/standard_binary_info.c.obj
 .rodata._ftoa.str1.4
                0x100085c4       0x15 CMakeFiles/control-AD.dir/C_/Users/Ana/.pico-sdk/sdk/2.1.0/src/rp2_common/pico_printf/printf.c.obj
 .rodata._vsnprintf
                0x100085c4      0x19c CMakeFiles/control-AD.dir/C_/Users/Ana/.pico-sdk/sdk/2.1.0/src/rp2_common/pico_printf/printf.c.obj
 .rodata.pow10.0
                0x10008760       0x50 CMakeFiles/control-AD.dir/C_/Users/Ana/.pico-sdk/sdk/2.1.0/src/rp2_common/pico_printf/printf.c.obj
 .rodata.crlf_str.0
                0x100087b0        0x2 CMakeFiles/control-AD.dir/C_/Users/Ana/.pico-sdk/sdk/2.1.0/src/rp2_common/pico_stdio/stdio.c.obj
 .rodata.str1.4
                0x100087b2       0x2c CMakeFiles/control-AD.dir/C_/Users/Ana/.pico-sdk/sdk/2.1.0/src/rp2_common/pico_stdio_uart/stdio_uart.c.obj
 *fill*         0x100087b2        0x2 
 .rodata.__bi_45.4
                0x100087b4        0xc CMakeFiles/control-AD.dir/C_/Users/Ana/.pico-sdk/sdk/2.1.0/src/rp2_common/pico_stdio_uart/stdio_uart.c.obj
 .rodata.__bi_49.5
                0x100087c0        0x8 CMakeFiles/control-AD.dir/C_/Users/Ana/.pico-sdk/sdk/2.1.0/src/rp2_common/pico_stdio_uart/stdio_uart.c.obj
 .rodata.__bi_50.6
                0x100087c8        0x8 CMakeFiles/control-AD.dir/C_/Users/Ana/.pico-sdk/sdk/2.1.0/src/rp2_common/pico_stdio_uart/stdio_uart.c.obj
 .rodata._resetd_driver
                0x100087d0       0x20 CMakeFiles/control-AD.dir/C_/Users/Ana/.pico-sdk/sdk/2.1.0/src/rp2_common/pico_stdio_usb/reset_interface.c.obj
 .rodata.desc_ms_os_20
                0x100087f0       0xa6 CMakeFiles/control-AD.dir/C_/Users/Ana/.pico-sdk/sdk/2.1.0/src/rp2_common/pico_stdio_usb/reset_interface.c.obj
 *fill*         0x10008896        0x2 
 .rodata.desc_bos
                0x10008898       0x21 CMakeFiles/control-AD.dir/C_/Users/Ana/.pico-sdk/sdk/2.1.0/src/rp2_common/pico_stdio_usb/reset_interface.c.obj
                0x10008898                desc_bos
 .rodata.str1.4
                0x100088b9       0x13 CMakeFiles/control-AD.dir/C_/Users/Ana/.pico-sdk/sdk/2.1.0/src/rp2_common/pico_stdio_usb/stdio_usb.c.obj
 *fill*         0x100088b9        0x3 
 .rodata.__bi_197.0
                0x100088bc        0xc CMakeFiles/control-AD.dir/C_/Users/Ana/.pico-sdk/sdk/2.1.0/src/rp2_common/pico_stdio_usb/stdio_usb.c.obj
 .rodata.str1.4
                0x100088c8       0x2a CMakeFiles/control-AD.dir/C_/Users/Ana/.pico-sdk/sdk/2.1.0/src/rp2_common/pico_stdio_usb/stdio_usb_descriptors.c.obj
 .rodata.usbd_desc_str
                0x100088c8       0x18 CMakeFiles/control-AD.dir/C_/Users/Ana/.pico-sdk/sdk/2.1.0/src/rp2_common/pico_stdio_usb/stdio_usb_descriptors.c.obj
 .rodata.usbd_desc_cfg
                0x100088e0       0x54 CMakeFiles/control-AD.dir/C_/Users/Ana/.pico-sdk/sdk/2.1.0/src/rp2_common/pico_stdio_usb/stdio_usb_descriptors.c.obj
 .rodata.usbd_desc_device
                0x10008934       0x12 CMakeFiles/control-AD.dir/C_/Users/Ana/.pico-sdk/sdk/2.1.0/src/rp2_common/pico_stdio_usb/stdio_usb_descriptors.c.obj
 .rodata.str1.4
                0x10008946       0x14 CMakeFiles/control-AD.dir/C_/Users/Ana/.pico-sdk/sdk/2.1.0/lib/tinyusb/src/portable/raspberrypi/rp2040/dcd_rp2040.c.obj
 .rodata.str1.4
                0x10008946       0x48 CMakeFiles/control-AD.dir/C_/Users/Ana/.pico-sdk/sdk/2.1.0/lib/tinyusb/src/portable/raspberrypi/rp2040/rp2040_usb.c.obj
 *fill*         0x10008946        0x2 
 .rodata.tud_task_ext
                0x10008948       0x8c CMakeFiles/control-AD.dir/C_/Users/Ana/.pico-sdk/sdk/2.1.0/lib/tinyusb/src/device/usbd.c.obj
 .rodata        0x100089d4       0x1c CMakeFiles/control-AD.dir/C_/Users/Ana/.pico-sdk/sdk/2.1.0/lib/tinyusb/src/device/usbd.c.obj
 .rodata._usbd_driver
                0x100089f0       0x40 CMakeFiles/control-AD.dir/C_/Users/Ana/.pico-sdk/sdk/2.1.0/lib/tinyusb/src/device/usbd.c.obj
                0x10008a30                        . = ALIGN (0x4)
 *(SORT_BY_ALIGNMENT(SORT_BY_NAME(.flashdata*)))
                0x10008a30                        . = ALIGN (0x4)

.ARM.extab
 *(.ARM.extab* .gnu.linkonce.armextab.*)
                0x10008a30                        __exidx_start = .

.ARM.exidx
 *(.ARM.exidx* .gnu.linkonce.armexidx.*)
                0x10008a30                        __exidx_end = .
                0x10008a30                        . = ALIGN (0x4)
                0x10008a30                        __binary_info_start = .

.binary_info    0x10008a30       0x2c
 *(.binary_info.keep.*)
 .binary_info.keep.__bi_ptr84
                0x10008a30        0x4 CMakeFiles/control-AD.dir/C_/Users/Ana/.pico-sdk/sdk/2.1.0/src/rp2_common/pico_standard_binary_info/standard_binary_info.c.obj
 .binary_info.keep.__bi_ptr78
                0x10008a34        0x4 CMakeFiles/control-AD.dir/C_/Users/Ana/.pico-sdk/sdk/2.1.0/src/rp2_common/pico_standard_binary_info/standard_binary_info.c.obj
 .binary_info.keep.__bi_ptr54
                0x10008a38        0x4 CMakeFiles/control-AD.dir/C_/Users/Ana/.pico-sdk/sdk/2.1.0/src/rp2_common/pico_standard_binary_info/standard_binary_info.c.obj
 .binary_info.keep.__bi_ptr48
                0x10008a3c        0x4 CMakeFiles/control-AD.dir/C_/Users/Ana/.pico-sdk/sdk/2.1.0/src/rp2_common/pico_standard_binary_info/standard_binary_info.c.obj
 .binary_info.keep.__bi_ptr42
                0x10008a40        0x4 CMakeFiles/control-AD.dir/C_/Users/Ana/.pico-sdk/sdk/2.1.0/src/rp2_common/pico_standard_binary_info/standard_binary_info.c.obj
 .binary_info.keep.__bi_ptr34
                0x10008a44        0x4 CMakeFiles/control-AD.dir/C_/Users/Ana/.pico-sdk/sdk/2.1.0/src/rp2_common/pico_standard_binary_info/standard_binary_info.c.obj
 .binary_info.keep.__bi_ptr26
                0x10008a48        0x4 CMakeFiles/control-AD.dir/C_/Users/Ana/.pico-sdk/sdk/2.1.0/src/rp2_common/pico_standard_binary_info/standard_binary_info.c.obj
 *(.binary_info.*)
 .binary_info.__bi_ptr50
                0x10008a4c        0x4 CMakeFiles/control-AD.dir/C_/Users/Ana/.pico-sdk/sdk/2.1.0/src/rp2_common/pico_stdio_uart/stdio_uart.c.obj
 .binary_info.__bi_ptr49
                0x10008a50        0x4 CMakeFiles/control-AD.dir/C_/Users/Ana/.pico-sdk/sdk/2.1.0/src/rp2_common/pico_stdio_uart/stdio_uart.c.obj
 .binary_info.__bi_ptr45
                0x10008a54        0x4 CMakeFiles/control-AD.dir/C_/Users/Ana/.pico-sdk/sdk/2.1.0/src/rp2_common/pico_stdio_uart/stdio_uart.c.obj
 .binary_info.__bi_ptr197
                0x10008a58        0x4 CMakeFiles/control-AD.dir/C_/Users/Ana/.pico-sdk/sdk/2.1.0/src/rp2_common/pico_stdio_usb/stdio_usb.c.obj
                0x10008a5c                        __binary_info_end = .

.rel.dyn        0x10008a5c        0x0
 .rel.iplt      0x10008a5c        0x0 C:/Users/Ana/.pico-sdk/toolchain/13_3_Rel1/bin/../lib/gcc/arm-none-eabi/13.3.1/thumb/v6-m/nofp/crtbegin.o
                0x10008a5c                        . = ALIGN (0x4)

.ram_vector_table
                0x20000000       0xc0
 *(.ram_vector_table)
 .ram_vector_table
                0x20000000       0xc0 CMakeFiles/control-AD.dir/C_/Users/Ana/.pico-sdk/sdk/2.1.0/src/rp2_common/pico_runtime_init/runtime_init.c.obj
                0x20000000                ram_vector_table

.uninitialized_data
                0x200000c0        0x0
                0x200000c0                        . = ALIGN (0x4)
 *(.uninitialized_data*)

.data           0x200000c0     0x1520 load address 0x10008a5c
                0x200000c0                        __data_start__ = .
 *(vtable)
 *(.time_critical*)
 .time_critical.mutex_try_enter
                0x200000c0       0x40 CMakeFiles/control-AD.dir/C_/Users/Ana/.pico-sdk/sdk/2.1.0/src/common/pico_sync/mutex.c.obj
                0x200000c0                mutex_try_enter
 .time_critical.mutex_try_enter_block_until
                0x20000100       0x9c CMakeFiles/control-AD.dir/C_/Users/Ana/.pico-sdk/sdk/2.1.0/src/common/pico_sync/mutex.c.obj
                0x20000100                mutex_try_enter_block_until
 .time_critical.mutex_enter_timeout_ms
                0x2000019c       0x90 CMakeFiles/control-AD.dir/C_/Users/Ana/.pico-sdk/sdk/2.1.0/src/common/pico_sync/mutex.c.obj
                0x2000019c                mutex_enter_timeout_ms
 .time_critical.mutex_exit
                0x2000022c       0x28 CMakeFiles/control-AD.dir/C_/Users/Ana/.pico-sdk/sdk/2.1.0/src/common/pico_sync/mutex.c.obj
                0x2000022c                mutex_exit
 .time_critical.flash_init_boot2_copyout
                0x20000254       0x30 CMakeFiles/control-AD.dir/C_/Users/Ana/.pico-sdk/sdk/2.1.0/src/rp2_common/hardware_flash/flash.c.obj
 .time_critical.flash_enable_xip_via_boot2
                0x20000284        0xc CMakeFiles/control-AD.dir/C_/Users/Ana/.pico-sdk/sdk/2.1.0/src/rp2_common/hardware_flash/flash.c.obj
 .time_critical.flash_cs_force
                0x20000290       0x38 CMakeFiles/control-AD.dir/C_/Users/Ana/.pico-sdk/sdk/2.1.0/src/rp2_common/hardware_flash/flash.c.obj
 .time_critical.flash_do_cmd
                0x200002c8       0xc0 CMakeFiles/control-AD.dir/C_/Users/Ana/.pico-sdk/sdk/2.1.0/src/rp2_common/hardware_flash/flash.c.obj
                0x200002c8                flash_do_cmd
 .time_critical.reset_non_control_endpoints
                0x20000388       0x68 CMakeFiles/control-AD.dir/C_/Users/Ana/.pico-sdk/sdk/2.1.0/lib/tinyusb/src/portable/raspberrypi/rp2040/dcd_rp2040.c.obj
 .time_critical.hw_handle_buff_status
                0x200003f0       0xb0 CMakeFiles/control-AD.dir/C_/Users/Ana/.pico-sdk/sdk/2.1.0/lib/tinyusb/src/portable/raspberrypi/rp2040/dcd_rp2040.c.obj
 .time_critical.dcd_rp2040_irq
                0x200004a0      0x578 CMakeFiles/control-AD.dir/C_/Users/Ana/.pico-sdk/sdk/2.1.0/lib/tinyusb/src/portable/raspberrypi/rp2040/dcd_rp2040.c.obj
 .time_critical.prepare_ep_buffer
                0x20000a18       0xe0 CMakeFiles/control-AD.dir/C_/Users/Ana/.pico-sdk/sdk/2.1.0/lib/tinyusb/src/portable/raspberrypi/rp2040/rp2040_usb.c.obj
 .time_critical.sync_ep_buffer
                0x20000af8       0xa8 CMakeFiles/control-AD.dir/C_/Users/Ana/.pico-sdk/sdk/2.1.0/lib/tinyusb/src/portable/raspberrypi/rp2040/rp2040_usb.c.obj
 .time_critical._hw_endpoint_xfer_sync
                0x20000ba0       0x28 CMakeFiles/control-AD.dir/C_/Users/Ana/.pico-sdk/sdk/2.1.0/lib/tinyusb/src/portable/raspberrypi/rp2040/rp2040_usb.c.obj
 .time_critical.e15_is_bulkin_ep
                0x20000bc8       0x28 CMakeFiles/control-AD.dir/C_/Users/Ana/.pico-sdk/sdk/2.1.0/lib/tinyusb/src/portable/raspberrypi/rp2040/rp2040_usb.c.obj
 .time_critical.e15_is_critical_frame_period
                0x20000bf0       0x34 CMakeFiles/control-AD.dir/C_/Users/Ana/.pico-sdk/sdk/2.1.0/lib/tinyusb/src/portable/raspberrypi/rp2040/rp2040_usb.c.obj
 .time_critical.hw_endpoint_reset_transfer
                0x20000c24        0xc CMakeFiles/control-AD.dir/C_/Users/Ana/.pico-sdk/sdk/2.1.0/lib/tinyusb/src/portable/raspberrypi/rp2040/rp2040_usb.c.obj
                0x20000c24                hw_endpoint_reset_transfer
 .time_critical._hw_endpoint_buffer_control_update32
                0x20000c30       0x50 CMakeFiles/control-AD.dir/C_/Users/Ana/.pico-sdk/sdk/2.1.0/lib/tinyusb/src/portable/raspberrypi/rp2040/rp2040_usb.c.obj
                0x20000c30                _hw_endpoint_buffer_control_update32
 .time_critical.hw_endpoint_start_next_buffer
                0x20000c80       0x6c CMakeFiles/control-AD.dir/C_/Users/Ana/.pico-sdk/sdk/2.1.0/lib/tinyusb/src/portable/raspberrypi/rp2040/rp2040_usb.c.obj
                0x20000c80                hw_endpoint_start_next_buffer
 .time_critical.hw_endpoint_xfer_continue
                0x20000cec       0x40 CMakeFiles/control-AD.dir/C_/Users/Ana/.pico-sdk/sdk/2.1.0/lib/tinyusb/src/portable/raspberrypi/rp2040/rp2040_usb.c.obj
                0x20000cec                hw_endpoint_xfer_continue
 .time_critical.tinyusb
                0x20000d2c      0x1e4 CMakeFiles/control-AD.dir/C_/Users/Ana/.pico-sdk/sdk/2.1.0/lib/tinyusb/src/device/usbd.c.obj
                0x20000d2c                dcd_event_handler
 *(.text*)
 .text          0x20000f10        0x4 C:/Users/Ana/.pico-sdk/toolchain/13_3_Rel1/bin/../lib/gcc/arm-none-eabi/13.3.1/thumb/v6-m/nofp\libgcc.a(_dvmd_tls.o)
                0x20000f10                __aeabi_idiv0
                0x20000f10                __aeabi_ldiv0
 *fill*         0x20000f14        0x4 
 .text.__stub   0x20000f18       0x80 linker stubs
                0x20000f98                        . = ALIGN (0x4)
 *(.rodata*)
                0x20000f98                        . = ALIGN (0x4)
 *(.data*)
 .data.cor      0x20000f98        0x1 CMakeFiles/control-AD.dir/control-AD.c.obj
                0x20000f98                cor
 .data.estado_pwm_leds
                0x20000f99        0x1 CMakeFiles/control-AD.dir/control-AD.c.obj
                0x20000f99                estado_pwm_leds
 .data.striped_spin_lock_num
                0x20000f9a        0x1 CMakeFiles/control-AD.dir/C_/Users/Ana/.pico-sdk/sdk/2.1.0/src/rp2_common/hardware_sync/sync.c.obj
 *fill*         0x20000f9b        0x1 
 .data          0x20000f9c       0x48 CMakeFiles/control-AD.dir/C_/Users/Ana/.pico-sdk/sdk/2.1.0/src/rp2_common/hardware_irq/irq_handler_chain.S.obj
                0x20000f9c                irq_handler_chain_slots
                0x20000fcc                irq_handler_chain_first_slot
                0x20000fd6                irq_handler_chain_remove_tail
 .data.default_alarm_pool
                0x20000fe4       0x18 CMakeFiles/control-AD.dir/C_/Users/Ana/.pico-sdk/sdk/2.1.0/src/common/pico_time/time.c.obj
 *fill*         0x20000ffc        0x4 
 .data.aeabi_bits_funcs
                0x20001000       0x10 CMakeFiles/control-AD.dir/C_/Users/Ana/.pico-sdk/sdk/2.1.0/src/rp2_common/pico_bit_ops/bit_ops_aeabi.S.obj
                0x20001000                aeabi_bits_funcs
                0x20001010                aeabi_bits_funcs_end
 .data.aeabi_mem_funcs
                0x20001010       0x10 CMakeFiles/control-AD.dir/C_/Users/Ana/.pico-sdk/sdk/2.1.0/src/rp2_common/pico_mem_ops/mem_ops_aeabi.S.obj
                0x20001010                aeabi_mem_funcs
                0x20001020                aeabi_mem_funcs_end
 .data.stdio_uart
                0x20001020       0x18 CMakeFiles/control-AD.dir/C_/Users/Ana/.pico-sdk/sdk/2.1.0/src/rp2_common/pico_stdio_uart/stdio_uart.c.obj
                0x20001020                stdio_uart
 .data.stdio_usb
                0x20001038       0x18 CMakeFiles/control-AD.dir/C_/Users/Ana/.pico-sdk/sdk/2.1.0/src/rp2_common/pico_stdio_usb/stdio_usb.c.obj
                0x20001038                stdio_usb
 .data._usbd_qdef
                0x20001050       0x1c CMakeFiles/control-AD.dir/C_/Users/Ana/.pico-sdk/sdk/2.1.0/lib/tinyusb/src/device/usbd.c.obj
                0x20001050                _usbd_qdef
 .data._usbd_rhport
                0x2000106c        0x1 CMakeFiles/control-AD.dir/C_/Users/Ana/.pico-sdk/sdk/2.1.0/lib/tinyusb/src/device/usbd.c.obj
 *fill*         0x2000106d        0x3 
 .data.i2c1_inst
                0x20001070        0x8 CMakeFiles/control-AD.dir/C_/Users/Ana/.pico-sdk/sdk/2.1.0/src/rp2_common/hardware_i2c/i2c.c.obj
                0x20001070                i2c1_inst
 .data.i2c0_inst
                0x20001078        0x8 CMakeFiles/control-AD.dir/C_/Users/Ana/.pico-sdk/sdk/2.1.0/src/rp2_common/hardware_i2c/i2c.c.obj
                0x20001078                i2c0_inst
 .data.__malloc_sbrk_base
                0x20001080        0x4 C:/Users/Ana/.pico-sdk/toolchain/13_3_Rel1/bin/../lib/gcc/arm-none-eabi/13.3.1/thumb/v6-m/nofp\libg.a(libc_a-mallocr.o)
                0x20001080                __malloc_sbrk_base
 .data.__malloc_trim_threshold
                0x20001084        0x4 C:/Users/Ana/.pico-sdk/toolchain/13_3_Rel1/bin/../lib/gcc/arm-none-eabi/13.3.1/thumb/v6-m/nofp\libg.a(libc_a-mallocr.o)
                0x20001084                __malloc_trim_threshold
 .data.__malloc_av_
                0x20001088      0x408 C:/Users/Ana/.pico-sdk/toolchain/13_3_Rel1/bin/../lib/gcc/arm-none-eabi/13.3.1/thumb/v6-m/nofp\libg.a(libc_a-mallocr.o)
                0x20001088                __malloc_av_
 .data._impure_ptr
                0x20001490        0x4 C:/Users/Ana/.pico-sdk/toolchain/13_3_Rel1/bin/../lib/gcc/arm-none-eabi/13.3.1/thumb/v6-m/nofp\libg.a(libc_a-impure.o)
                0x20001490                _impure_ptr
 *fill*         0x20001494        0x4 
 .data._impure_data
                0x20001498      0x140 C:/Users/Ana/.pico-sdk/toolchain/13_3_Rel1/bin/../lib/gcc/arm-none-eabi/13.3.1/thumb/v6-m/nofp\libg.a(libc_a-impure.o)
                0x20001498                _impure_data
                0x200015d8                        . = ALIGN (0x4)
 *(.after_data.*)
                0x200015d8                        . = ALIGN (0x4)
                0x200015d8                        PROVIDE (__mutex_array_start = .)
 *(SORT_BY_NAME(.mutex_array.*))
 *(.mutex_array)
 .mutex_array   0x200015d8        0x8 CMakeFiles/control-AD.dir/C_/Users/Ana/.pico-sdk/sdk/2.1.0/src/rp2_common/pico_stdio/stdio.c.obj
                0x200015e0                        PROVIDE (__mutex_array_end = .)
                0x200015e0                        . = ALIGN (0x4)
 *(.jcr)
                0x200015e0                        . = ALIGN (0x4)

.tm_clone_table
                0x200015e0        0x0 load address 0x10009f7c
 .tm_clone_table
                0x200015e0        0x0 C:/Users/Ana/.pico-sdk/toolchain/13_3_Rel1/bin/../lib/gcc/arm-none-eabi/13.3.1/thumb/v6-m/nofp/crtbegin.o
 .tm_clone_table
                0x200015e0        0x0 C:/Users/Ana/.pico-sdk/toolchain/13_3_Rel1/bin/../lib/gcc/arm-none-eabi/13.3.1/thumb/v6-m/nofp/crtend.o

.igot.plt       0x200015e0        0x0 load address 0x10009f7c
 .igot.plt      0x200015e0        0x0 C:/Users/Ana/.pico-sdk/toolchain/13_3_Rel1/bin/../lib/gcc/arm-none-eabi/13.3.1/thumb/v6-m/nofp/crtbegin.o

.tdata          0x200015e0        0x0 load address 0x10009f7c
                0x200015e0                        . = ALIGN (0x4)
 *(.tdata .tdata.* .gnu.linkonce.td.*)
                0x200015e0                        __tdata_end = .
                0x200015e0                        PROVIDE (__data_end__ = .)
                0x10008a5c                        __etext = LOADADDR (.data)

.tbss           0x200015e0        0x0 load address 0x10009f7c
                0x200015e0                        . = ALIGN (0x4)
                0x200015e0                        __bss_start__ = .
                0x200015e0                        __tls_base = .
 *(.tbss .tbss.* .gnu.linkonce.tb.*)
 *(.tcommon)
                0x200015e0                        __tls_end = .

.bss            0x200015e0     0x1244 load address 0x10009f7c
                0x200015e0                        . = ALIGN (0x4)
                0x200015e0                        __tbss_end = .
 *(SORT_BY_ALIGNMENT(SORT_BY_NAME(.bss*)))
 .bss.default_alarm_pool_entries
                0x200015e0      0x180 CMakeFiles/control-AD.dir/C_/Users/Ana/.pico-sdk/sdk/2.1.0/src/common/pico_time/time.c.obj
 .bss.last_avail_time.1
                0x20001760        0x8 CMakeFiles/control-AD.dir/C_/Users/Ana/.pico-sdk/sdk/2.1.0/src/rp2_common/pico_stdio_usb/stdio_usb.c.obj
 .bss.sd_table  0x20001768      0x100 CMakeFiles/control-AD.dir/C_/Users/Ana/.pico-sdk/sdk/2.1.0/src/rp2_common/pico_double/double_init_rom_rp2040.c.obj
                0x20001768                sd_table
 .bss.__lock___malloc_recursive_mutex
                0x20001868        0x1 C:/Users/Ana/.pico-sdk/toolchain/13_3_Rel1/bin/../lib/gcc/arm-none-eabi/13.3.1/thumb/v6-m/nofp\libg.a(libc_a-lock.o)
                0x20001868                __lock___malloc_recursive_mutex
 *fill*         0x20001869        0x3 
 .bss.__malloc_current_mallinfo
                0x2000186c       0x28 C:/Users/Ana/.pico-sdk/toolchain/13_3_Rel1/bin/../lib/gcc/arm-none-eabi/13.3.1/thumb/v6-m/nofp\libg.a(libc_a-mallocr.o)
                0x2000186c                __malloc_current_mallinfo
 .bss.__malloc_max_sbrked_mem
                0x20001894        0x4 C:/Users/Ana/.pico-sdk/toolchain/13_3_Rel1/bin/../lib/gcc/arm-none-eabi/13.3.1/thumb/v6-m/nofp\libg.a(libc_a-mallocr.o)
                0x20001894                __malloc_max_sbrked_mem
 .bss.__malloc_max_total_mem
                0x20001898        0x4 C:/Users/Ana/.pico-sdk/toolchain/13_3_Rel1/bin/../lib/gcc/arm-none-eabi/13.3.1/thumb/v6-m/nofp\libg.a(libc_a-mallocr.o)
                0x20001898                __malloc_max_total_mem
 .bss.__malloc_top_pad
                0x2000189c        0x4 C:/Users/Ana/.pico-sdk/toolchain/13_3_Rel1/bin/../lib/gcc/arm-none-eabi/13.3.1/thumb/v6-m/nofp\libg.a(libc_a-mallocr.o)
                0x2000189c                __malloc_top_pad
 .bss.__sf      0x200018a0      0x138 C:/Users/Ana/.pico-sdk/toolchain/13_3_Rel1/bin/../lib/gcc/arm-none-eabi/13.3.1/thumb/v6-m/nofp\libg.a(libc_a-findfp.o)
                0x200018a0                __sf
 .bss._app_driver
                0x200019d8        0x4 CMakeFiles/control-AD.dir/C_/Users/Ana/.pico-sdk/sdk/2.1.0/lib/tinyusb/src/device/usbd.c.obj
 .bss._cdcd_fifo_cfg
                0x200019dc        0x1 CMakeFiles/control-AD.dir/C_/Users/Ana/.pico-sdk/sdk/2.1.0/lib/tinyusb/src/class/cdc/cdc_device.c.obj
 *fill*         0x200019dd        0x3 
 .bss._cdcd_itf
                0x200019e0      0x2c8 CMakeFiles/control-AD.dir/C_/Users/Ana/.pico-sdk/sdk/2.1.0/lib/tinyusb/src/class/cdc/cdc_device.c.obj
 .bss._ctrl_xfer
                0x20001ca8       0x14 CMakeFiles/control-AD.dir/C_/Users/Ana/.pico-sdk/sdk/2.1.0/lib/tinyusb/src/device/usbd_control.c.obj
 .bss._ubsd_mutexdef
                0x20001cbc        0x8 CMakeFiles/control-AD.dir/C_/Users/Ana/.pico-sdk/sdk/2.1.0/lib/tinyusb/src/device/usbd.c.obj
 .bss._usbd_ctrl_buf
                0x20001cc4       0x40 CMakeFiles/control-AD.dir/C_/Users/Ana/.pico-sdk/sdk/2.1.0/lib/tinyusb/src/device/usbd_control.c.obj
 .bss._usbd_dev
                0x20001d04       0x54 CMakeFiles/control-AD.dir/C_/Users/Ana/.pico-sdk/sdk/2.1.0/lib/tinyusb/src/device/usbd.c.obj
 .bss._usbd_mutex
                0x20001d58        0x4 CMakeFiles/control-AD.dir/C_/Users/Ana/.pico-sdk/sdk/2.1.0/lib/tinyusb/src/device/usbd.c.obj
 .bss._usbd_q   0x20001d5c        0x4 CMakeFiles/control-AD.dir/C_/Users/Ana/.pico-sdk/sdk/2.1.0/lib/tinyusb/src/device/usbd.c.obj
 .bss._usbd_qdef_buf
                0x20001d60       0xc0 CMakeFiles/control-AD.dir/C_/Users/Ana/.pico-sdk/sdk/2.1.0/lib/tinyusb/src/device/usbd.c.obj
                0x20001d60                _usbd_qdef_buf
 .bss._vendord_itf
                0x20001e20      0x2cc CMakeFiles/control-AD.dir/C_/Users/Ana/.pico-sdk/sdk/2.1.0/lib/tinyusb/src/class/vendor/vendor_device.c.obj
 .bss.boot2_copyout
                0x200020ec      0x100 CMakeFiles/control-AD.dir/C_/Users/Ana/.pico-sdk/sdk/2.1.0/src/rp2_common/hardware_flash/flash.c.obj
 .bss.callbacks
                0x200021ec        0x8 CMakeFiles/control-AD.dir/C_/Users/Ana/.pico-sdk/sdk/2.1.0/src/rp2_common/hardware_gpio/gpio.c.obj
 .bss.chars_available_callback
                0x200021f4        0x4 CMakeFiles/control-AD.dir/C_/Users/Ana/.pico-sdk/sdk/2.1.0/src/rp2_common/pico_stdio_uart/stdio_uart.c.obj
 .bss.chars_available_callback
                0x200021f8        0x4 CMakeFiles/control-AD.dir/C_/Users/Ana/.pico-sdk/sdk/2.1.0/src/rp2_common/pico_stdio_usb/stdio_usb.c.obj
 .bss.chars_available_param
                0x200021fc        0x4 CMakeFiles/control-AD.dir/C_/Users/Ana/.pico-sdk/sdk/2.1.0/src/rp2_common/pico_stdio_uart/stdio_uart.c.obj
 .bss.chars_available_param
                0x20002200        0x4 CMakeFiles/control-AD.dir/C_/Users/Ana/.pico-sdk/sdk/2.1.0/src/rp2_common/pico_stdio_usb/stdio_usb.c.obj
 .bss.claimed   0x20002204        0x4 CMakeFiles/control-AD.dir/C_/Users/Ana/.pico-sdk/sdk/2.1.0/src/rp2_common/hardware_sync/sync.c.obj
 .bss.claimed   0x20002208        0x1 CMakeFiles/control-AD.dir/C_/Users/Ana/.pico-sdk/sdk/2.1.0/src/rp2_common/hardware_timer/timer.c.obj
 *fill*         0x20002209        0x3 
 .bss.configured_freq
                0x2000220c       0x28 CMakeFiles/control-AD.dir/C_/Users/Ana/.pico-sdk/sdk/2.1.0/src/rp2_common/hardware_clocks/clocks.c.obj
 .bss.desc_str.0
                0x20002234       0x28 CMakeFiles/control-AD.dir/C_/Users/Ana/.pico-sdk/sdk/2.1.0/src/rp2_common/pico_stdio_usb/stdio_usb_descriptors.c.obj
 .bss.drivers   0x2000225c        0x4 CMakeFiles/control-AD.dir/C_/Users/Ana/.pico-sdk/sdk/2.1.0/src/rp2_common/pico_stdio/stdio.c.obj
 .bss.e15_last_sof
                0x20002260        0x4 CMakeFiles/control-AD.dir/C_/Users/Ana/.pico-sdk/sdk/2.1.0/lib/tinyusb/src/portable/raspberrypi/rp2040/rp2040_usb.c.obj
                0x20002260                e15_last_sof
 .bss.errno     0x20002264        0x4 C:/Users/Ana/.pico-sdk/toolchain/13_3_Rel1/bin/../lib/gcc/arm-none-eabi/13.3.1/thumb/v6-m/nofp\libg.a(libc_a-reent.o)
                0x20002264                errno
 .bss.filter    0x20002268        0x4 CMakeFiles/control-AD.dir/C_/Users/Ana/.pico-sdk/sdk/2.1.0/src/rp2_common/pico_stdio/stdio.c.obj
 .bss.heap_end.0
                0x2000226c        0x4 CMakeFiles/control-AD.dir/C_/Users/Ana/.pico-sdk/sdk/2.1.0/src/rp2_common/pico_clib_interface/newlib_interface.c.obj
 .bss.hw_endpoints
                0x20002270      0x400 CMakeFiles/control-AD.dir/C_/Users/Ana/.pico-sdk/sdk/2.1.0/lib/tinyusb/src/portable/raspberrypi/rp2040/dcd_rp2040.c.obj
 .bss.last_print_time
                0x20002670        0x4 CMakeFiles/control-AD.dir/control-AD.c.obj
                0x20002670                last_print_time
 .bss.last_time
                0x20002674        0x4 CMakeFiles/control-AD.dir/control-AD.c.obj
 .bss.lazy_vsnprintf
                0x20002678        0x4 CMakeFiles/control-AD.dir/C_/Users/Ana/.pico-sdk/sdk/2.1.0/src/rp2_common/pico_printf/printf.c.obj
 .bss.load_value
                0x2000267c        0x4 CMakeFiles/control-AD.dir/C_/Users/Ana/.pico-sdk/sdk/2.1.0/src/rp2_common/hardware_watchdog/watchdog.c.obj
 .bss.next_buffer_ptr